Archive member included because of file (symbol)

c:/Users/Morgan/Documents/Uni/FYP/ArduCode/PX4Firmware/Build/px4io-v2_default.build/nuttx-export/libs\libnuttx.a(sched-irq_attach.o)
                              c:/Users/Morgan/Documents/Uni/FYP/ArduCode/PX4Firmware/Build/px4io-v2_default.build/c/Users/Morgan/Documents/Uni/FYP/ArduCode/PX4Firmware/src/drivers/stm32/module.pre.o (irq_attach)
c:/Users/Morgan/Documents/Uni/FYP/ArduCode/PX4Firmware/Build/px4io-v2_default.build/nuttx-export/libs\libnuttx.a(sched-irq_initialize.o)
                              c:/Users/Morgan/Documents/Uni/FYP/ArduCode/PX4Firmware/Build/px4io-v2_default.build/nuttx-export/libs\libnuttx.a(sched-irq_attach.o) (g_irqvector)
c:/Users/Morgan/Documents/Uni/FYP/ArduCode/PX4Firmware/Build/px4io-v2_default.build/nuttx-export/libs\libnuttx.a(sched-irq_unexpectedisr.o)
                              c:/Users/Morgan/Documents/Uni/FYP/ArduCode/PX4Firmware/Build/px4io-v2_default.build/nuttx-export/libs\libnuttx.a(sched-irq_attach.o) (irq_unexpected_isr)
c:/Users/Morgan/Documents/Uni/FYP/ArduCode/PX4Firmware/Build/px4io-v2_default.build/nuttx-export/libs\libnuttx.a(c-lib_abort.o)
                              (abort)
c:/Users/Morgan/Documents/Uni/FYP/ArduCode/PX4Firmware/Build/px4io-v2_default.build/nuttx-export/libs\libnuttx.a(c-lib_cfsetspeed.o)
                              c:/Users/Morgan/Documents/Uni/FYP/ArduCode/PX4Firmware/Build/px4io-v2_default.build/c/Users/Morgan/Documents/Uni/FYP/ArduCode/PX4Firmware/src/modules/px4iofirmware/module.pre.o (cfsetspeed)
c:/Users/Morgan/Documents/Uni/FYP/ArduCode/PX4Firmware/Build/px4io-v2_default.build/nuttx-export/libs\libnuttx.a(c-lib_crc32.o)
                              c:/Users/Morgan/Documents/Uni/FYP/ArduCode/PX4Firmware/Build/px4io-v2_default.build/c/Users/Morgan/Documents/Uni/FYP/ArduCode/PX4Firmware/src/modules/px4iofirmware/module.pre.o (crc32part)
c:/Users/Morgan/Documents/Uni/FYP/ArduCode/PX4Firmware/Build/px4io-v2_default.build/nuttx-export/libs\libnuttx.a(c-lib_dprintf.o)
                              c:/Users/Morgan/Documents/Uni/FYP/ArduCode/PX4Firmware/Build/px4io-v2_default.build/c/Users/Morgan/Documents/Uni/FYP/ArduCode/PX4Firmware/src/modules/px4iofirmware/module.pre.o (dprintf)
c:/Users/Morgan/Documents/Uni/FYP/ArduCode/PX4Firmware/Build/px4io-v2_default.build/nuttx-export/libs\libnuttx.a(c-lib_lowsyslog.o)
                              c:/Users/Morgan/Documents/Uni/FYP/ArduCode/PX4Firmware/Build/px4io-v2_default.build/c/Users/Morgan/Documents/Uni/FYP/ArduCode/PX4Firmware/src/modules/px4iofirmware/module.pre.o (lowsyslog)
c:/Users/Morgan/Documents/Uni/FYP/ArduCode/PX4Firmware/Build/px4io-v2_default.build/nuttx-export/libs\libnuttx.a(c-lib_memchr.o)
                              c:/Users/Morgan/Documents/Uni/FYP/ArduCode/PX4Firmware/Build/px4io-v2_default.build/c/Users/Morgan/Documents/Uni/FYP/ArduCode/PX4Firmware/src/modules/px4iofirmware/module.pre.o (memchr)
c:/Users/Morgan/Documents/Uni/FYP/ArduCode/PX4Firmware/Build/px4io-v2_default.build/nuttx-export/libs\libnuttx.a(c-lib_memcpy.o)
                              c:/Users/Morgan/Documents/Uni/FYP/ArduCode/PX4Firmware/Build/px4io-v2_default.build/c/Users/Morgan/Documents/Uni/FYP/ArduCode/PX4Firmware/src/modules/px4iofirmware/module.pre.o (memcpy)
c:/Users/Morgan/Documents/Uni/FYP/ArduCode/PX4Firmware/Build/px4io-v2_default.build/nuttx-export/libs\libnuttx.a(c-lib_memset.o)
                              c:/Users/Morgan/Documents/Uni/FYP/ArduCode/PX4Firmware/Build/px4io-v2_default.build/c/Users/Morgan/Documents/Uni/FYP/ArduCode/PX4Firmware/src/drivers/stm32/module.pre.o (memset)
c:/Users/Morgan/Documents/Uni/FYP/ArduCode/PX4Firmware/Build/px4io-v2_default.build/nuttx-export/libs\libnuttx.a(c-lib_printf.o)
                              c:/Users/Morgan/Documents/Uni/FYP/ArduCode/PX4Firmware/Build/px4io-v2_default.build/c/Users/Morgan/Documents/Uni/FYP/ArduCode/PX4Firmware/src/modules/px4iofirmware/module.pre.o (printf)
c:/Users/Morgan/Documents/Uni/FYP/ArduCode/PX4Firmware/Build/px4io-v2_default.build/nuttx-export/libs\libnuttx.a(c-lib_sscanf.o)
                              c:/Users/Morgan/Documents/Uni/FYP/ArduCode/PX4Firmware/Build/px4io-v2_default.build/c/Users/Morgan/Documents/Uni/FYP/ArduCode/PX4Firmware/src/modules/px4iofirmware/module.pre.o (sscanf)
c:/Users/Morgan/Documents/Uni/FYP/ArduCode/PX4Firmware/Build/px4io-v2_default.build/nuttx-export/libs\libnuttx.a(c-lib_strchr.o)
                              c:/Users/Morgan/Documents/Uni/FYP/ArduCode/PX4Firmware/Build/px4io-v2_default.build/nuttx-export/libs\libnuttx.a(c-lib_sscanf.o) (strchr)
c:/Users/Morgan/Documents/Uni/FYP/ArduCode/PX4Firmware/Build/px4io-v2_default.build/nuttx-export/libs\libnuttx.a(c-lib_strcmp.o)
                              c:/Users/Morgan/Documents/Uni/FYP/ArduCode/PX4Firmware/Build/px4io-v2_default.build/c/Users/Morgan/Documents/Uni/FYP/ArduCode/PX4Firmware/src/modules/px4iofirmware/module.pre.o (strcmp)
[...]
Memory Configuration

Name             Origin             Length             Attributes
flash            0x08001000         0x0000f000         xr
sram             0x20000000         0x00002000         xrw
*default*        0x00000000         0xffffffff

Linker script and memory map


.text           0x08001000     0xb660
                0x08001000                _stext = ABSOLUTE (.)
 *(.vectors)
 .vectors       0x08001000      0x134 c:/Users/Morgan/Documents/Uni/FYP/ArduCode/PX4Firmware/Build/px4io-v2_default.build/nuttx-export/libs\libnuttx.a(arch-up_vectors.o)
                0x08001000                _vectors
 *(.text .text.*)
 .text.stm32_boardinitialize
                0x08001134      0x106 c:/Users/Morgan/Documents/Uni/FYP/ArduCode/PX4Firmware/Build/px4io-v2_default.build/c/Users/Morgan/Documents/Uni/FYP/ArduCode/PX4Firmware/src/drivers/boards/px4io-v2/module.pre.o
                0x08001134                stm32_boardinitialize
 *fill*         0x0800123a        0x2 00
 .text.hrt_absolute_time
                0x0800123c       0x54 c:/Users/Morgan/Documents/Uni/FYP/ArduCode/PX4Firmware/Build/px4io-v2_default.build/c/Users/Morgan/Documents/Uni/FYP/ArduCode/PX4Firmware/src/drivers/stm32/module.pre.o
                0x0800123c                hrt_absolute_time
 .text.hrt_call_reschedule
                0x08001290       0x58 c:/Users/Morgan/Documents/Uni/FYP/ArduCode/PX4Firmware/Build/px4io-v2_default.build/c/Users/Morgan/Documents/Uni/FYP/ArduCode/PX4Firmware/src/drivers/stm32/module.pre.o
 .text.hrt_call_enter
                0x080012e8       0x50 c:/Users/Morgan/Documents/Uni/FYP/ArduCode/PX4Firmware/Build/px4io-v2_default.build/c/Users/Morgan/Documents/Uni/FYP/ArduCode/PX4Firmware/src/drivers/stm32/module.pre.o
 .text.hrt_call_internal
                0x08001338       0x4c c:/Users/Morgan/Documents/Uni/FYP/ArduCode/PX4Firmware/Build/px4io-v2_default.build/c/Users/Morgan/Documents/Uni/FYP/ArduCode/PX4Firmware/src/drivers/stm32/module.pre.o
 .text.hrt_tim_isr
                0x08001384      0x1e8 c:/Users/Morgan/Documents/Uni/FYP/ArduCode/PX4Firmware/Build/px4io-v2_default.build/c/Users/Morgan/Documents/Uni/FYP/ArduCode/PX4Firmware/src/drivers/stm32/module.pre.o
 .text.hrt_elapsed_time
                0x0800156c       0x2a c:/Users/Morgan/Documents/Uni/FYP/ArduCode/PX4Firmware/Build/px4io-v2_default.build/c/Users/Morgan/Documents/Uni/FYP/ArduCode/PX4Firmware/src/drivers/stm32/module.pre.o
                0x0800156c                hrt_elapsed_time
 *fill*         0x08001596        0x2 00
 .text.hrt_init
                0x08001598       0x84 c:/Users/Morgan/Documents/Uni/FYP/ArduCode/PX4Firmware/Build/px4io-v2_default.build/c/Users/Morgan/Documents/Uni/FYP/ArduCode/PX4Firmware/src/drivers/stm32/module.pre.o
                0x08001598                hrt_init
 .text.hrt_call_every
                0x0800161c       0x36 c:/Users/Morgan/Documents/Uni/FYP/ArduCode/PX4Firmware/Build/px4io-v2_default.build/c/Users/Morgan/Documents/Uni/FYP/ArduCode/PX4Firmware/src/drivers/stm32/module.pre.o
                0x0800161c                hrt_call_every
 *fill*         0x08001652        0x2 00
 .text.up_pwm_servo_set
                0x08001654       0x58 c:/Users/Morgan/Documents/Uni/FYP/ArduCode/PX4Firmware/Build/px4io-v2_default.build/c/Users/Morgan/Documents/Uni/FYP/ArduCode/PX4Firmware/src/drivers/stm32/module.pre.o
                0x08001654                up_pwm_servo_set
 .text.up_pwm_servo_init
                0x080016ac      0x12c c:/Users/Morgan/Documents/Uni/FYP/ArduCode/PX4Firmware/Build/px4io-v2_default.build/c/Users/Morgan/Documents/Uni/FYP/ArduCode/PX4Firmware/src/drivers/stm32/module.pre.o
                0x080016ac                up_pwm_servo_init
 .text.up_pwm_servo_set_rate_group_update
                0x080017d8       0x3c c:/Users/Morgan/Documents/Uni/FYP/ArduCode/PX4Firmware/Build/px4io-v2_default.build/c/Users/Morgan/Documents/Uni/FYP/ArduCode/PX4Firmware/src/drivers/stm32/module.pre.o
                0x080017d8                up_pwm_servo_set_rate_group_update
 .text.up_pwm_servo_get_rate_group
                0x08001814       0x30 c:/Users/Morgan/Documents/Uni/FYP/ArduCode/PX4Firmware/Build/px4io-v2_default.build/c/Users/Morgan/Documents/Uni/FYP/ArduCode/PX4Firmware/src/drivers/stm32/module.pre.o
                0x08001814                up_pwm_servo_get_rate_group
 .text.up_pwm_servo_arm
                0x08001844       0x28 c:/Users/Morgan/Documents/Uni/FYP/ArduCode/PX4Firmware/Build/px4io-v2_default.build/c/Users/Morgan/Documents/Uni/FYP/ArduCode/PX4Firmware/src/drivers/stm32/module.pre.o
                0x08001844                up_pwm_servo_arm
 .text.adc_init
                0x0800186c       0xb8 c:/Users/Morgan/Documents/Uni/FYP/ArduCode/PX4Firmware/Build/px4io-v2_default.build/c/Users/Morgan/Documents/Uni/FYP/ArduCode/PX4Firmware/src/modules/px4iofirmware/module.pre.o
 .text.adc_measure
                0x08001924       0xa0 c:/Users/Morgan/Documents/Uni/FYP/ArduCode/PX4Firmware/Build/px4io-v2_default.build/c/Users/Morgan/Documents/Uni/FYP/ArduCode/PX4Firmware/src/modules/px4iofirmware/module.pre.o
 .text.controls_init
                0x080019c4       0xb8 c:/Users/Morgan/Documents/Uni/FYP/ArduCode/PX4Firmware/Build/px4io-v2_default.build/c/Users/Morgan/Documents/Uni/FYP/ArduCode/PX4Firmware/src/modules/px4iofirmware/module.pre.o
 .text.controls_tick
                0x08001a7c      0x6ec c:/Users/Morgan/Documents/Uni/FYP/ArduCode/PX4Firmware/Build/px4io-v2_default.build/c/Users/Morgan/Documents/Uni/FYP/ArduCode/PX4Firmware/src/modules/px4iofirmware/module.pre.o
 .text.dsm_guess_format
                0x08002168      0x244 c:/Users/Morgan/Documents/Uni/FYP/ArduCode/PX4Firmware/Build/px4io-v2_default.build/c/Users/Morgan/Documents/Uni/FYP/ArduCode/PX4Firmware/src/modules/px4iofirmware/module.pre.o
 .text.dsm_init
                0x080023ac       0x78 c:/Users/Morgan/Documents/Uni/FYP/ArduCode/PX4Firmware/Build/px4io-v2_default.build/c/Users/Morgan/Documents/Uni/FYP/ArduCode/PX4Firmware/src/modules/px4iofirmware/module.pre.o
 .text.dsm_bind
                0x08002424      0x104 c:/Users/Morgan/Documents/Uni/FYP/ArduCode/PX4Firmware/Build/px4io-v2_default.build/c/Users/Morgan/Documents/Uni/FYP/ArduCode/PX4Firmware/src/modules/px4iofirmware/module.pre.o
 .text.dsm_input
                0x08002528      0x6b8 c:/Users/Morgan/Documents/Uni/FYP/ArduCode/PX4Firmware/Build/px4io-v2_default.build/c/Users/Morgan/Documents/Uni/FYP/ArduCode/PX4Firmware/src/modules/px4iofirmware/module.pre.o
 .text.isr_debug.constprop.0
                0x08002be0       0x5c c:/Users/Morgan/Documents/Uni/FYP/ArduCode/PX4Firmware/Build/px4io-v2_default.build/c/Users/Morgan/Documents/Uni/FYP/ArduCode/PX4Firmware/src/modules/px4iofirmware/module.pre.o
 .text.isr_debug
                0x08002c3c       0x5c c:/Users/Morgan/Documents/Uni/FYP/ArduCode/PX4Firmware/Build/px4io-v2_default.build/c/Users/Morgan/Documents/Uni/FYP/ArduCode/PX4Firmware/src/modules/px4iofirmware/module.pre.o
 .text.schedule_reboot
                0x08002c98       0x1c c:/Users/Morgan/Documents/Uni/FYP/ArduCode/PX4Firmware/Build/px4io-v2_default.build/c/Users/Morgan/Documents/Uni/FYP/ArduCode/PX4Firmware/src/modules/px4iofirmware/module.pre.o
 .text.user_start
                0x08002cb4      0x488 c:/Users/Morgan/Documents/Uni/FYP/ArduCode/PX4Firmware/Build/px4io-v2_default.build/c/Users/Morgan/Documents/Uni/FYP/ArduCode/PX4Firmware/src/modules/px4iofirmware/module.pre.o
                0x08002cb4                user_start
 .text.pwm_configure_rates
                0x0800313c      0x2cc c:/Users/Morgan/Documents/Uni/FYP/ArduCode/PX4Firmware/Build/px4io-v2_default.build/c/Users/Morgan/Documents/Uni/FYP/ArduCode/PX4Firmware/src/modules/px4iofirmware/module.pre.o
 .text.registers_set
                0x08003408      0x96c c:/Users/Morgan/Documents/Uni/FYP/ArduCode/PX4Firmware/Build/px4io-v2_default.build/c/Users/Morgan/Documents/Uni/FYP/ArduCode/PX4Firmware/src/modules/px4iofirmware/module.pre.o
 .text.registers_get
                0x08003d74      0x2b8 c:/Users/Morgan/Documents/Uni/FYP/ArduCode/PX4Firmware/Build/px4io-v2_default.build/c/Users/Morgan/Documents/Uni/FYP/ArduCode/PX4Firmware/src/modules/px4iofirmware/module.pre.o
 .text.safety_check_button
                0x0800402c       0xf8 c:/Users/Morgan/Documents/Uni/FYP/ArduCode/PX4Firmware/Build/px4io-v2_default.build/c/Users/Morgan/Documents/Uni/FYP/ArduCode/PX4Firmware/src/modules/px4iofirmware/module.pre.o
 .text.failsafe_blink
                0x08004124       0x48 c:/Users/Morgan/Documents/Uni/FYP/ArduCode/PX4Firmware/Build/px4io-v2_default.build/c/Users/Morgan/Documents/Uni/FYP/ArduCode/PX4Firmware/src/modules/px4iofirmware/module.pre.o
 .text.safety_init
                0x0800416c       0x38 c:/Users/Morgan/Documents/Uni/FYP/ArduCode/PX4Firmware/Build/px4io-v2_default.build/c/Users/Morgan/Documents/Uni/FYP/ArduCode/PX4Firmware/src/modules/px4iofirmware/module.pre.o
 .text.failsafe_led_init
                0x080041a4       0x38 c:/Users/Morgan/Documents/Uni/FYP/ArduCode/PX4Firmware/Build/px4io-v2_default.build/c/Users/Morgan/Documents/Uni/FYP/ArduCode/PX4Firmware/src/modules/px4iofirmware/module.pre.o
 .text.sbus_init
                0x080041dc       0x80 c:/Users/Morgan/Documents/Uni/FYP/ArduCode/PX4Firmware/Build/px4io-v2_default.build/c/Users/Morgan/Documents/Uni/FYP/ArduCode/PX4Firmware/src/modules/px4iofirmware/module.pre.o
 .text.sbus1_output
                0x0800425c      0x160 c:/Users/Morgan/Documents/Uni/FYP/ArduCode/PX4Firmware/Build/px4io-v2_default.build/c/Users/Morgan/Documents/Uni/FYP/ArduCode/PX4Firmware/src/modules/px4iofirmware/module.pre.o
 .text.sbus2_output
                0x080043bc       0x20 c:/Users/Morgan/Documents/Uni/FYP/ArduCode/PX4Firmware/Build/px4io-v2_default.build/c/Users/Morgan/Documents/Uni/FYP/ArduCode/PX4Firmware/src/modules/px4iofirmware/module.pre.o
 .text.sbus_input
                0x080043dc      0x1e8 c:/Users/Morgan/Documents/Uni/FYP/ArduCode/PX4Firmware/Build/px4io-v2_default.build/c/Users/Morgan/Documents/Uni/FYP/ArduCode/PX4Firmware/src/modules/px4iofirmware/module.pre.o
 .text.up_cxxinitialize
                0x080045c4       0x94 c:/Users/Morgan/Documents/Uni/FYP/ArduCode/PX4Firmware/Build/px4io-v2_default.build/c/Users/Morgan/Documents/Uni/FYP/ArduCode/PX4Firmware/src/modules/px4iofirmware/module.pre.o
                0x080045c4                up_cxxinitialize
 .text.perf_alloc
                0x08004658       0x50 c:/Users/Morgan/Documents/Uni/FYP/ArduCode/PX4Firmware/Build/px4io-v2_default.build/c/Users/Morgan/Documents/Uni/FYP/ArduCode/PX4Firmware/src/modules/px4iofirmware/module.pre.o
                0x08004658                perf_alloc
 .text.perf_count
                0x080046a8      0x110 c:/Users/Morgan/Documents/Uni/FYP/ArduCode/PX4Firmware/Build/px4io-v2_default.build/c/Users/Morgan/Documents/Uni/FYP/ArduCode/PX4Firmware/src/modules/px4iofirmware/module.pre.o
                0x080046a8                perf_count
 .text.perf_begin
                0x080047b8       0x18 c:/Users/Morgan/Documents/Uni/FYP/ArduCode/PX4Firmware/Build/px4io-v2_default.build/c/Users/Morgan/Documents/Uni/FYP/ArduCode/PX4Firmware/src/modules/px4iofirmware/module.pre.o
                0x080047b8                perf_begin
 .text.perf_end
                0x080047d0       0xf4 c:/Users/Morgan/Documents/Uni/FYP/ArduCode/PX4Firmware/Build/px4io-v2_default.build/c/Users/Morgan/Documents/Uni/FYP/ArduCode/PX4Firmware/src/modules/px4iofirmware/module.pre.o
                0x080047d0                perf_end
 .text._ZL14mixer_callbackjhhRf
                0x080048c4       0xa8 c:/Users/Morgan/Documents/Uni/FYP/ArduCode/PX4Firmware/Build/px4io-v2_default.build/c/Users/Morgan/Documents/Uni/FYP/ArduCode/PX4Firmware/src/modules/px4iofirmware/module.pre.o
 .text.startup._GLOBAL__sub_I_mixer_tick
                0x0800496c       0x34 c:/Users/Morgan/Documents/Uni/FYP/ArduCode/PX4Firmware/Build/px4io-v2_default.build/c/Users/Morgan/Documents/Uni/FYP/ArduCode/PX4Firmware/src/modules/px4iofirmware/module.pre.o
 .text.mixer_handle_text
                0x080049a0      0x334 c:/Users/Morgan/Documents/Uni/FYP/ArduCode/PX4Firmware/Build/px4io-v2_default.build/c/Users/Morgan/Documents/Uni/FYP/ArduCode/PX4Firmware/src/modules/px4iofirmware/module.pre.o
 .text.mixer_tick
                0x08004cd4      0x6f0 c:/Users/Morgan/Documents/Uni/FYP/ArduCode/PX4Firmware/Build/px4io-v2_default.build/c/Users/Morgan/Documents/Uni/FYP/ArduCode/PX4Firmware/src/modules/px4iofirmware/module.pre.o
 .text._ZN5MixerD2Ev
                0x080053c4        0xc c:/Users/Morgan/Documents/Uni/FYP/ArduCode/PX4Firmware/Build/px4io-v2_default.build/c/Users/Morgan/Documents/Uni/FYP/ArduCode/PX4Firmware/src/modules/px4iofirmware/module.pre.o
                0x080053c4                Mixer::~Mixer()
                0x080053c4                Mixer::~Mixer()
 .text._ZN9NullMixerD2Ev
                0x080053d0        0xc c:/Users/Morgan/Documents/Uni/FYP/ArduCode/PX4Firmware/Build/px4io-v2_default.build/c/Users/Morgan/Documents/Uni/FYP/ArduCode/PX4Firmware/src/modules/px4iofirmware/module.pre.o
                0x080053d0                NullMixer::~NullMixer()
                0x080053d0                NullMixer::~NullMixer()
 .text._ZN9NullMixer3mixEPfj
                0x080053dc       0x10 c:/Users/Morgan/Documents/Uni/FYP/ArduCode/PX4Firmware/Build/px4io-v2_default.build/c/Users/Morgan/Documents/Uni/FYP/ArduCode/PX4Firmware/src/modules/px4iofirmware/module.pre.o
                0x080053dc                NullMixer::mix(float*, unsigned int)
 .text._ZN9NullMixer15groups_requiredERj
                0x080053ec        0x4 c:/Users/Morgan/Documents/Uni/FYP/ArduCode/PX4Firmware/Build/px4io-v2_default.build/c/Users/Morgan/Documents/Uni/FYP/ArduCode/PX4Firmware/src/modules/px4iofirmware/module.pre.o
                0x080053ec                NullMixer::groups_required(unsigned int&)
 .text._ZN9NullMixerD0Ev
                0x080053f0       0x14 c:/Users/Morgan/Documents/Uni/FYP/ArduCode/PX4Firmware/Build/px4io-v2_default.build/c/Users/Morgan/Documents/Uni/FYP/ArduCode/PX4Firmware/src/modules/px4iofirmware/module.pre.o
                0x080053f0                NullMixer::~NullMixer()
 .text._ZN5MixerD0Ev
                0x08005404       0x14 c:/Users/Morgan/Documents/Uni/FYP/ArduCode/PX4Firmware/Build/px4io-v2_default.build/c/Users/Morgan/Documents/Uni/FYP/ArduCode/PX4Firmware/src/modules/px4iofirmware/module.pre.o
                0x08005404                Mixer::~Mixer()
 .text._ZN5MixerC2EPFijhhRfEj
                0x08005418       0x18 c:/Users/Morgan/Documents/Uni/FYP/ArduCode/PX4Firmware/Build/px4io-v2_default.build/c/Users/Morgan/Documents/Uni/FYP/ArduCode/PX4Firmware/src/modules/px4iofirmware/module.pre.o
                0x08005418                Mixer::Mixer(int (*)(unsigned int, unsigned char, unsigned char, float&), unsigned int)
                0x08005418                Mixer::Mixer(int (*)(unsigned int, unsigned char, unsigned char, float&), unsigned int)
 .text._ZN5Mixer11get_controlEhh
                0x08005430       0x14 c:/Users/Morgan/Documents/Uni/FYP/ArduCode/PX4Firmware/Build/px4io-v2_default.build/c/Users/Morgan/Documents/Uni/FYP/ArduCode/PX4Firmware/src/modules/px4iofirmware/module.pre.o
                0x08005430                Mixer::get_control(unsigned char, unsigned char)
 .text._ZN5Mixer5scaleERK14mixer_scaler_sf
                0x08005444       0x44 c:/Users/Morgan/Documents/Uni/FYP/ArduCode/PX4Firmware/Build/px4io-v2_default.build/c/Users/Morgan/Documents/Uni/FYP/ArduCode/PX4Firmware/src/modules/px4iofirmware/module.pre.o
                0x08005444                Mixer::scale(mixer_scaler_s const&, float)
 .text._ZN5Mixer7findtagEPKcRjc
                0x08005488       0x7c c:/Users/Morgan/Documents/Uni/FYP/ArduCode/PX4Firmware/Build/px4io-v2_default.build/c/Users/Morgan/Documents/Uni/FYP/ArduCode/PX4Firmware/src/modules/px4iofirmware/module.pre.o
                0x08005488                Mixer::findtag(char const*, unsigned int&, char)
 .text._ZN5Mixer8skiplineEPKcRj
                0x08005504       0x30 c:/Users/Morgan/Documents/Uni/FYP/ArduCode/PX4Firmware/Build/px4io-v2_default.build/c/Users/Morgan/Documents/Uni/FYP/ArduCode/PX4Firmware/src/modules/px4iofirmware/module.pre.o
                0x08005504                Mixer::skipline(char const*, unsigned int&)
 .text._ZN9NullMixer9from_textEPKcRj
                0x08005534       0x74 c:/Users/Morgan/Documents/Uni/FYP/ArduCode/PX4Firmware/Build/px4io-v2_default.build/c/Users/Morgan/Documents/Uni/FYP/ArduCode/PX4Firmware/src/modules/px4iofirmware/module.pre.o
                0x08005534                NullMixer::from_text(char const*, unsigned int&)
 .text._ZN10MixerGroupD2Ev
                0x080055a8       0x30 c:/Users/Morgan/Documents/Uni/FYP/ArduCode/PX4Firmware/Build/px4io-v2_default.build/c/Users/Morgan/Documents/Uni/FYP/ArduCode/PX4Firmware/src/modules/px4iofirmware/module.pre.o
                0x080055a8                MixerGroup::~MixerGroup()
                0x080055a8                MixerGroup::~MixerGroup()
 .text._ZN10MixerGroup3mixEPfj
                0x080055d8       0x34 c:/Users/Morgan/Documents/Uni/FYP/ArduCode/PX4Firmware/Build/px4io-v2_default.build/c/Users/Morgan/Documents/Uni/FYP/ArduCode/PX4Firmware/src/modules/px4iofirmware/module.pre.o
                0x080055d8                MixerGroup::mix(float*, unsigned int)
 .text._ZN10MixerGroup15groups_requiredERj
                0x0800560c       0x1c c:/Users/Morgan/Documents/Uni/FYP/ArduCode/PX4Firmware/Build/px4io-v2_default.build/c/Users/Morgan/Documents/Uni/FYP/ArduCode/PX4Firmware/src/modules/px4iofirmware/module.pre.o
                0x0800560c                MixerGroup::groups_required(unsigned int&)
 .text._ZN10MixerGroupD0Ev
                0x08005628       0x34 c:/Users/Morgan/Documents/Uni/FYP/ArduCode/PX4Firmware/Build/px4io-v2_default.build/c/Users/Morgan/Documents/Uni/FYP/ArduCode/PX4Firmware/src/modules/px4iofirmware/module.pre.o
                0x08005628                MixerGroup::~MixerGroup()
 .text._ZN10MixerGroupC2EPFijhhRfEj
                0x0800565c       0x18 c:/Users/Morgan/Documents/Uni/FYP/ArduCode/PX4Firmware/Build/px4io-v2_default.build/c/Users/Morgan/Documents/Uni/FYP/ArduCode/PX4Firmware/src/modules/px4iofirmware/module.pre.o
                0x0800565c                MixerGroup::MixerGroup(int (*)(unsigned int, unsigned char, unsigned char, float&), unsigned int)
                0x0800565c                MixerGroup::MixerGroup(int (*)(unsigned int, unsigned char, unsigned char, float&), unsigned int)
 .text._ZN10MixerGroup5resetEv
                0x08005674       0x1c c:/Users/Morgan/Documents/Uni/FYP/ArduCode/PX4Firmware/Build/px4io-v2_default.build/c/Users/Morgan/Documents/Uni/FYP/ArduCode/PX4Firmware/src/modules/px4iofirmware/module.pre.o
                0x08005674                MixerGroup::reset()
 .text._ZN10MixerGroup13load_from_bufEPKcRj
                0x08005690       0x8c c:/Users/Morgan/Documents/Uni/FYP/ArduCode/PX4Firmware/Build/px4io-v2_default.build/c/Users/Morgan/Documents/Uni/FYP/ArduCode/PX4Firmware/src/modules/px4iofirmware/module.pre.o
                0x08005690                MixerGroup::load_from_buf(char const*, unsigned int&)
 .text._ZN15MultirotorMixerD2Ev
                0x0800571c        0xc c:/Users/Morgan/Documents/Uni/FYP/ArduCode/PX4Firmware/Build/px4io-v2_default.build/c/Users/Morgan/Documents/Uni/FYP/ArduCode/PX4Firmware/src/modules/px4iofirmware/module.pre.o
                0x0800571c                MultirotorMixer::~MultirotorMixer()
                0x0800571c                MultirotorMixer::~MultirotorMixer()
 .text._ZN15MultirotorMixer15groups_requiredERj
                0x08005728        0xc c:/Users/Morgan/Documents/Uni/FYP/ArduCode/PX4Firmware/Build/px4io-v2_default.build/c/Users/Morgan/Documents/Uni/FYP/ArduCode/PX4Firmware/src/modules/px4iofirmware/module.pre.o
                0x08005728                MultirotorMixer::groups_required(unsigned int&)
 .text._ZN15MultirotorMixer3mixEPfj
                0x08005734      0x398 c:/Users/Morgan/Documents/Uni/FYP/ArduCode/PX4Firmware/Build/px4io-v2_default.build/c/Users/Morgan/Documents/Uni/FYP/ArduCode/PX4Firmware/src/modules/px4iofirmware/module.pre.o
                0x08005734                MultirotorMixer::mix(float*, unsigned int)
 .text._ZN15MultirotorMixerD0Ev
                0x08005acc       0x14 c:/Users/Morgan/Documents/Uni/FYP/ArduCode/PX4Firmware/Build/px4io-v2_default.build/c/Users/Morgan/Documents/Uni/FYP/ArduCode/PX4Firmware/src/modules/px4iofirmware/module.pre.o
                0x08005acc                MultirotorMixer::~MultirotorMixer()
 .text._ZN15MultirotorMixer9from_textEPFijhhRfEjPKcRj
                0x08005ae0      0x228 c:/Users/Morgan/Documents/Uni/FYP/ArduCode/PX4Firmware/Build/px4io-v2_default.build/c/Users/Morgan/Documents/Uni/FYP/ArduCode/PX4Firmware/src/modules/px4iofirmware/module.pre.o
                0x08005ae0                MultirotorMixer::from_text(int (*)(unsigned int, unsigned char, unsigned char, float&), unsigned int, char const*, unsigned int&)
 .text._ZN11SimpleMixer15groups_requiredERj
                0x08005d08       0x2c c:/Users/Morgan/Documents/Uni/FYP/ArduCode/PX4Firmware/Build/px4io-v2_default.build/c/Users/Morgan/Documents/Uni/FYP/ArduCode/PX4Firmware/src/modules/px4iofirmware/module.pre.o
                0x08005d08                SimpleMixer::groups_required(unsigned int&)
 .text._ZN11SimpleMixerD2Ev
                0x08005d34       0x20 c:/Users/Morgan/Documents/Uni/FYP/ArduCode/PX4Firmware/Build/px4io-v2_default.build/c/Users/Morgan/Documents/Uni/FYP/ArduCode/PX4Firmware/src/modules/px4iofirmware/module.pre.o
                0x08005d34                SimpleMixer::~SimpleMixer()
                0x08005d34                SimpleMixer::~SimpleMixer()
 .text._ZN11SimpleMixer3mixEPfj
                0x08005d54       0x6c c:/Users/Morgan/Documents/Uni/FYP/ArduCode/PX4Firmware/Build/px4io-v2_default.build/c/Users/Morgan/Documents/Uni/FYP/ArduCode/PX4Firmware/src/modules/px4iofirmware/module.pre.o
                0x08005d54                SimpleMixer::mix(float*, unsigned int)
 .text._ZN11SimpleMixerD0Ev
                0x08005dc0       0x28 c:/Users/Morgan/Documents/Uni/FYP/ArduCode/PX4Firmware/Build/px4io-v2_default.build/c/Users/Morgan/Documents/Uni/FYP/ArduCode/PX4Firmware/src/modules/px4iofirmware/module.pre.o
                0x08005dc0                SimpleMixer::~SimpleMixer()
 .text._ZN11SimpleMixer19parse_output_scalerEPKcRjR14mixer_scaler_s
                0x08005de8       0xc0 c:/Users/Morgan/Documents/Uni/FYP/ArduCode/PX4Firmware/Build/px4io-v2_default.build/c/Users/Morgan/Documents/Uni/FYP/ArduCode/PX4Firmware/src/modules/px4iofirmware/module.pre.o
                0x08005de8                SimpleMixer::parse_output_scaler(char const*, unsigned int&, mixer_scaler_s&)
 .text._ZN11SimpleMixer20parse_control_scalerEPKcRjR14mixer_scaler_sRhS5_
                0x08005ea8       0xcc c:/Users/Morgan/Documents/Uni/FYP/ArduCode/PX4Firmware/Build/px4io-v2_default.build/c/Users/Morgan/Documents/Uni/FYP/ArduCode/PX4Firmware/src/modules/px4iofirmware/module.pre.o
                0x08005ea8                SimpleMixer::parse_control_scaler(char const*, unsigned int&, mixer_scaler_s&, unsigned char&, unsigned char&)
 .text._ZN11SimpleMixer9from_textEPFijhhRfEjPKcRj
                0x08005f74       0xb8 c:/Users/Morgan/Documents/Uni/FYP/ArduCode/PX4Firmware/Build/px4io-v2_default.build/c/Users/Morgan/Documents/Uni/FYP/ArduCode/PX4Firmware/src/modules/px4iofirmware/module.pre.o
                0x08005f74                SimpleMixer::from_text(int (*)(unsigned int, unsigned char, unsigned char, float&), unsigned int, char const*, unsigned int&)
 .text.pwm_limit_init
                0x0800602c       0x10 c:/Users/Morgan/Documents/Uni/FYP/ArduCode/PX4Firmware/Build/px4io-v2_default.build/c/Users/Morgan/Documents/Uni/FYP/ArduCode/PX4Firmware/src/modules/px4iofirmware/module.pre.o
                0x0800602c                pwm_limit_init
 *fill*         0x0800603c        0x4 00
 .text.pwm_limit_calc
                0x08006040      0x430 c:/Users/Morgan/Documents/Uni/FYP/ArduCode/PX4Firmware/Build/px4io-v2_default.build/c/Users/Morgan/Documents/Uni/FYP/ArduCode/PX4Firmware/src/modules/px4iofirmware/module.pre.o
                0x08006040                pwm_limit_calc
 .text.st24_decode
                0x08006470      0x3a4 c:/Users/Morgan/Documents/Uni/FYP/ArduCode/PX4Firmware/Build/px4io-v2_default.build/c/Users/Morgan/Documents/Uni/FYP/ArduCode/PX4Firmware/src/modules/px4iofirmware/module.pre.o
                0x08006470                st24_decode
 .text.rx_dma_callback
                0x08006814      0x238 c:/Users/Morgan/Documents/Uni/FYP/ArduCode/PX4Firmware/Build/px4io-v2_default.build/c/Users/Morgan/Documents/Uni/FYP/ArduCode/PX4Firmware/src/modules/px4iofirmware/module.pre.o
 .text.serial_interrupt
                0x08006a4c      0x1a4 c:/Users/Morgan/Documents/Uni/FYP/ArduCode/PX4Firmware/Build/px4io-v2_default.build/c/Users/Morgan/Documents/Uni/FYP/ArduCode/PX4Firmware/src/modules/px4iofirmware/module.pre.o
 .text.interface_init
                0x08006bf0      0x1cc c:/Users/Morgan/Documents/Uni/FYP/ArduCode/PX4Firmware/Build/px4io-v2_default.build/c/Users/Morgan/Documents/Uni/FYP/ArduCode/PX4Firmware/src/modules/px4iofirmware/module.pre.o
 .text.irq_attach
                0x08006dbc       0x38 c:/Users/Morgan/Documents/Uni/FYP/ArduCode/PX4Firmware/Build/px4io-v2_default.build/nuttx-export/libs\libnuttx.a(sched-irq_attach.o)
                0x08006dbc                irq_attach
 .text.irq_initialize
                0x08006df4       0x1c c:/Users/Morgan/Documents/Uni/FYP/ArduCode/PX4Firmware/Build/px4io-v2_default.build/nuttx-export/libs\libnuttx.a(sched-irq_initialize.o)
                0x08006df4                irq_initialize
 .text.irq_unexpected_isr
                0x08006e10       0x14 c:/Users/Morgan/Documents/Uni/FYP/ArduCode/PX4Firmware/Build/px4io-v2_default.build/nuttx-export/libs\libnuttx.a(sched-irq_unexpectedisr.o)
                0x08006e10                irq_unexpected_isr
 .text.abort    0x08006e24        0x8 c:/Users/Morgan/Documents/Uni/FYP/ArduCode/PX4Firmware/Build/px4io-v2_default.build/nuttx-export/libs\libnuttx.a(c-lib_abort.o)
                0x08006e24                abort
 .text.cfsetspeed
                0x08006e2c        0x6 c:/Users/Morgan/Documents/Uni/FYP/ArduCode/PX4Firmware/Build/px4io-v2_default.build/nuttx-export/libs\libnuttx.a(c-lib_cfsetspeed.o)
                0x08006e2c                cfsetspeed
 *fill*         0x08006e32        0x2 00
 .text.crc32part
                0x08006e34       0x24 c:/Users/Morgan/Documents/Uni/FYP/ArduCode/PX4Firmware/Build/px4io-v2_default.build/nuttx-export/libs\libnuttx.a(c-lib_crc32.o)
                0x08006e34                crc32part
 .text.lowvsyslog
                0x08006e58       0x18 c:/Users/Morgan/Documents/Uni/FYP/ArduCode/PX4Firmware/Build/px4io-v2_default.build/nuttx-export/libs\libnuttx.a(c-lib_lowsyslog.o)
                0x08006e58                lowvsyslog
 .text.lowsyslog
                0x08006e70       0x18 c:/Users/Morgan/Documents/Uni/FYP/ArduCode/PX4Firmware/Build/px4io-v2_default.build/nuttx-export/libs\libnuttx.a(c-lib_lowsyslog.o)
                0x08006e70                lowsyslog
 .text.memchr   0x08006e88       0x1c c:/Users/Morgan/Documents/Uni/FYP/ArduCode/PX4Firmware/Build/px4io-v2_default.build/nuttx-export/libs\libnuttx.a(c-lib_memchr.o)
                0x08006e88                memchr
 .text.memcpy   0x08006ea4       0x12 c:/Users/Morgan/Documents/Uni/FYP/ArduCode/PX4Firmware/Build/px4io-v2_default.build/nuttx-export/libs\libnuttx.a(c-lib_memcpy.o)
                0x08006ea4                memcpy
 .text.memset   0x08006eb6       0x10 c:/Users/Morgan/Documents/Uni/FYP/ArduCode/PX4Firmware/Build/px4io-v2_default.build/nuttx-export/libs\libnuttx.a(c-lib_memset.o)
                0x08006eb6                memset
 *fill*         0x08006ec6        0x2 00
 .text.findwidth
                0x08006ec8       0x40 c:/Users/Morgan/Documents/Uni/FYP/ArduCode/PX4Firmware/Build/px4io-v2_default.build/nuttx-export/libs\libnuttx.a(c-lib_sscanf.o)
 .text.vsscanf  0x08006f08      0x37c c:/Users/Morgan/Documents/Uni/FYP/ArduCode/PX4Firmware/Build/px4io-v2_default.build/nuttx-export/libs\libnuttx.a(c-lib_sscanf.o)
                0x08006f08                vsscanf
 .text.sscanf   0x08007284       0x18 c:/Users/Morgan/Documents/Uni/FYP/ArduCode/PX4Firmware/Build/px4io-v2_default.build/nuttx-export/libs\libnuttx.a(c-lib_sscanf.o)
                0x08007284                sscanf
 .text.strchr   0x0800729c       0x14 c:/Users/Morgan/Documents/Uni/FYP/ArduCode/PX4Firmware/Build/px4io-v2_default.build/nuttx-export/libs\libnuttx.a(c-lib_strchr.o)
                0x0800729c                strchr
 .text.strcmp   0x080072b0       0x1a c:/Users/Morgan/Documents/Uni/FYP/ArduCode/PX4Firmware/Build/px4io-v2_default.build/nuttx-export/libs\libnuttx.a(c-lib_strcmp.o)
                0x080072b0                strcmp
 .text.strcspn  0x080072ca       0x1c c:/Users/Morgan/Documents/Uni/FYP/ArduCode/PX4Firmware/Build/px4io-v2_default.build/nuttx-export/libs\libnuttx.a(c-lib_strcspn.o)
                0x080072ca                strcspn
 .text.strncpy  0x080072e6       0x2a c:/Users/Morgan/Documents/Uni/FYP/ArduCode/PX4Firmware/Build/px4io-v2_default.build/nuttx-export/libs\libnuttx.a(c-lib_strncpy.o)
                0x080072e6                strncpy
 .text.strtol   0x08007310       0x3a c:/Users/Morgan/Documents/Uni/FYP/ArduCode/PX4Firmware/Build/px4io-v2_default.build/nuttx-export/libs\libnuttx.a(c-lib_strtol.o)
                0x08007310                strtol
 .text.strtoul  0x0800734a       0x48 c:/Users/Morgan/Documents/Uni/FYP/ArduCode/PX4Firmware/Build/px4io-v2_default.build/nuttx-export/libs\libnuttx.a(c-lib_strtoul.o)
                0x0800734a                strtoul
 .text.tcgetattr
                0x08007392        0xa c:/Users/Morgan/Documents/Uni/FYP/ArduCode/PX4Firmware/Build/px4io-v2_default.build/nuttx-export/libs\libnuttx.a(c-lib_tcgetattr.o)
                0x08007392                tcgetattr
 .text.tcsetattr
                0x0800739c       0x10 c:/Users/Morgan/Documents/Uni/FYP/ArduCode/PX4Firmware/Build/px4io-v2_default.build/nuttx-export/libs\libnuttx.a(c-lib_tcsetattr.o)
                0x0800739c                tcsetattr
 .text.vsnprintf
                0x080073ac       0x24 c:/Users/Morgan/Documents/Uni/FYP/ArduCode/PX4Firmware/Build/px4io-v2_default.build/nuttx-export/libs\libnuttx.a(c-lib_vsnprintf.o)
                0x080073ac                vsnprintf
 .text.sq_addafter
                0x080073d0       0x1c c:/Users/Morgan/Documents/Uni/FYP/ArduCode/PX4Firmware/Build/px4io-v2_default.build/nuttx-export/libs\libnuttx.a(c-sq_addafter.o)
                0x080073d0                sq_addafter
 .text.sq_addfirst
                0x080073ec        0xe c:/Users/Morgan/Documents/Uni/FYP/ArduCode/PX4Firmware/Build/px4io-v2_default.build/nuttx-export/libs\libnuttx.a(c-sq_addfirst.o)
                0x080073ec                sq_addfirst
 .text.sq_addlast
                0x080073fa       0x14 c:/Users/Morgan/Documents/Uni/FYP/ArduCode/PX4Firmware/Build/px4io-v2_default.build/nuttx-export/libs\libnuttx.a(c-sq_addlast.o)
                0x080073fa                sq_addlast
 .text.sq_rem   0x0800740e       0x2c c:/Users/Morgan/Documents/Uni/FYP/ArduCode/PX4Firmware/Build/px4io-v2_default.build/nuttx-export/libs\libnuttx.a(c-sq_rem.o)
                0x0800740e                sq_rem
 .text.sq_remafter
                0x0800743a       0x22 c:/Users/Morgan/Documents/Uni/FYP/ArduCode/PX4Firmware/Build/px4io-v2_default.build/nuttx-export/libs\libnuttx.a(c-sq_remafter.o)
                0x0800743a                sq_remafter
 .text.calloc   0x0800745c        0xe c:/Users/Morgan/Documents/Uni/FYP/ArduCode/PX4Firmware/Build/px4io-v2_default.build/nuttx-export/libs\libnuttx.a(mm-mm_calloc.o)
                0x0800745c                calloc
 *fill*         0x0800746a        0x2 00
 .text.free     0x0800746c       0xa8 c:/Users/Morgan/Documents/Uni/FYP/ArduCode/PX4Firmware/Build/px4io-v2_default.build/nuttx-export/libs\libnuttx.a(mm-mm_free.o)
                0x0800746c                free
 .text.mallinfo
                0x08007514       0x64 c:/Users/Morgan/Documents/Uni/FYP/ArduCode/PX4Firmware/Build/px4io-v2_default.build/nuttx-export/libs\libnuttx.a(mm-mm_mallinfo.o)
                0x08007514                mallinfo
 .text.malloc   0x08007578       0x94 c:/Users/Morgan/Documents/Uni/FYP/ArduCode/PX4Firmware/Build/px4io-v2_default.build/nuttx-export/libs\libnuttx.a(mm-mm_malloc.o)
                0x08007578                malloc
 .text.mm_seminitialize
                0x0800760c       0x18 c:/Users/Morgan/Documents/Uni/FYP/ArduCode/PX4Firmware/Build/px4io-v2_default.build/nuttx-export/libs\libnuttx.a(mm-mm_sem.o)
                0x0800760c                mm_seminitialize
 .text.mm_trysemaphore
                0x08007624       0x32 c:/Users/Morgan/Documents/Uni/FYP/ArduCode/PX4Firmware/Build/px4io-v2_default.build/nuttx-export/libs\libnuttx.a(mm-mm_sem.o)
                0x08007624                mm_trysemaphore
 *fill*         0x08007656        0x2 00
 .text.mm_takesemaphore
                0x08007658       0x40 c:/Users/Morgan/Documents/Uni/FYP/ArduCode/PX4Firmware/Build/px4io-v2_default.build/nuttx-export/libs\libnuttx.a(mm-mm_sem.o)
                0x08007658                mm_takesemaphore
 .text.mm_givesemaphore
                0x08007698       0x30 c:/Users/Morgan/Documents/Uni/FYP/ArduCode/PX4Firmware/Build/px4io-v2_default.build/nuttx-export/libs\libnuttx.a(mm-mm_sem.o)
                0x08007698                mm_givesemaphore
 .text.mm_size2ndx
                0x080076c8       0x1a c:/Users/Morgan/Documents/Uni/FYP/ArduCode/PX4Firmware/Build/px4io-v2_default.build/nuttx-export/libs\libnuttx.a(mm-mm_size2ndx.o)
                0x080076c8                mm_size2ndx
 *fill*         0x080076e2        0x2 00
 .text.umm_initialize
                0x080076e4       0x10 c:/Users/Morgan/Documents/Uni/FYP/ArduCode/PX4Firmware/Build/px4io-v2_default.build/nuttx-export/libs\libnuttx.a(mm-mm_user.o)
                0x080076e4                umm_initialize
 .text.umm_trysemaphore
                0x080076f4        0xc c:/Users/Morgan/Documents/Uni/FYP/ArduCode/PX4Firmware/Build/px4io-v2_default.build/nuttx-export/libs\libnuttx.a(mm-mm_user.o)
                0x080076f4                umm_trysemaphore
 .text.umm_givesemaphore
                0x08007700        0xc c:/Users/Morgan/Documents/Uni/FYP/ArduCode/PX4Firmware/Build/px4io-v2_default.build/nuttx-export/libs\libnuttx.a(mm-mm_user.o)
                0x08007700                umm_givesemaphore
 .text.zalloc   0x0800770c       0x18 c:/Users/Morgan/Documents/Uni/FYP/ArduCode/PX4Firmware/Build/px4io-v2_default.build/nuttx-export/libs\libnuttx.a(mm-mm_zalloc.o)
                0x0800770c                zalloc
 .text.stm32_dmachandisable
                0x08007724       0x22 c:/Users/Morgan/Documents/Uni/FYP/ArduCode/PX4Firmware/Build/px4io-v2_default.build/nuttx-export/libs\libnuttx.a(arch-stm32_dma.o)
 *fill*         0x08007746        0x2 00
 .text.stm32_dmainterrupt
                0x08007748       0x54 c:/Users/Morgan/Documents/Uni/FYP/ArduCode/PX4Firmware/Build/px4io-v2_default.build/nuttx-export/libs\libnuttx.a(arch-stm32_dma.o)
 .text.up_dmainitialize
                0x0800779c       0x38 c:/Users/Morgan/Documents/Uni/FYP/ArduCode/PX4Firmware/Build/px4io-v2_default.build/nuttx-export/libs\libnuttx.a(arch-stm32_dma.o)
                0x0800779c                up_dmainitialize
 .text.stm32_dmachannel
                0x080077d4       0x30 c:/Users/Morgan/Documents/Uni/FYP/ArduCode/PX4Firmware/Build/px4io-v2_default.build/nuttx-export/libs\libnuttx.a(arch-stm32_dma.o)
                0x080077d4                stm32_dmachannel
 .text.stm32_dmafree
                0x08007804        0x6 c:/Users/Morgan/Documents/Uni/FYP/ArduCode/PX4Firmware/Build/px4io-v2_default.build/nuttx-export/libs\libnuttx.a(arch-stm32_dma.o)
                0x08007804                stm32_dmafree
 .text.stm32_dmasetup
                0x0800780a       0x28 c:/Users/Morgan/Documents/Uni/FYP/ArduCode/PX4Firmware/Build/px4io-v2_default.build/nuttx-export/libs\libnuttx.a(arch-stm32_dma.o)
                0x0800780a                stm32_dmasetup
 .text.stm32_dmastart
                0x08007832       0x28 c:/Users/Morgan/Documents/Uni/FYP/ArduCode/PX4Firmware/Build/px4io-v2_default.build/nuttx-export/libs\libnuttx.a(arch-stm32_dma.o)
                0x08007832                stm32_dmastart
 .text.stm32_dmastop
                0x0800785a        0x4 c:/Users/Morgan/Documents/Uni/FYP/ArduCode/PX4Firmware/Build/px4io-v2_default.build/nuttx-export/libs\libnuttx.a(arch-stm32_dma.o)
                0x0800785a                stm32_dmastop
 .text.stm32_dmaresidual
                0x0800785e        0x6 c:/Users/Morgan/Documents/Uni/FYP/ArduCode/PX4Firmware/Build/px4io-v2_default.build/nuttx-export/libs\libnuttx.a(arch-stm32_dma.o)
                0x0800785e                stm32_dmaresidual
 .text.stm32_gpioinit
                0x08007864       0x10 c:/Users/Morgan/Documents/Uni/FYP/ArduCode/PX4Firmware/Build/px4io-v2_default.build/nuttx-export/libs\libnuttx.a(arch-stm32_gpio.o)
                0x08007864                stm32_gpioinit
 .text.stm32_configgpio
                0x08007874       0xd4 c:/Users/Morgan/Documents/Uni/FYP/ArduCode/PX4Firmware/Build/px4io-v2_default.build/nuttx-export/libs\libnuttx.a(arch-stm32_gpio.o)
                0x08007874                stm32_configgpio
 .text.stm32_gpiowrite
                0x08007948       0x28 c:/Users/Morgan/Documents/Uni/FYP/ArduCode/PX4Firmware/Build/px4io-v2_default.build/nuttx-export/libs\libnuttx.a(arch-stm32_gpio.o)
                0x08007948                stm32_gpiowrite
 .text.stm32_gpioread
                0x08007970       0x2c c:/Users/Morgan/Documents/Uni/FYP/ArduCode/PX4Firmware/Build/px4io-v2_default.build/nuttx-export/libs\libnuttx.a(arch-stm32_gpio.o)
                0x08007970                stm32_gpioread
 .text.stm32_irqinfo
                0x0800799c       0x6c c:/Users/Morgan/Documents/Uni/FYP/ArduCode/PX4Firmware/Build/px4io-v2_default.build/nuttx-export/libs\libnuttx.a(arch-stm32_irq.o)
 .text.up_irqinitialize
                0x08007a08       0x6c c:/Users/Morgan/Documents/Uni/FYP/ArduCode/PX4Firmware/Build/px4io-v2_default.build/nuttx-export/libs\libnuttx.a(arch-stm32_irq.o)
                0x08007a08                up_irqinitialize
 .text.up_disable_irq
                0x08007a74       0x1a c:/Users/Morgan/Documents/Uni/FYP/ArduCode/PX4Firmware/Build/px4io-v2_default.build/nuttx-export/libs\libnuttx.a(arch-stm32_irq.o)
                0x08007a74                up_disable_irq
 .text.up_enable_irq
                0x08007a8e       0x1a c:/Users/Morgan/Documents/Uni/FYP/ArduCode/PX4Firmware/Build/px4io-v2_default.build/nuttx-export/libs\libnuttx.a(arch-stm32_irq.o)
                0x08007a8e                up_enable_irq
 .text.up_maskack_irq
                0x08007aa8        0x4 c:/Users/Morgan/Documents/Uni/FYP/ArduCode/PX4Firmware/Build/px4io-v2_default.build/nuttx-export/libs\libnuttx.a(arch-stm32_irq.o)
                0x08007aa8                up_maskack_irq
 .text.up_restoreusartint
                0x08007aac       0x26 c:/Users/Morgan/Documents/Uni/FYP/ArduCode/PX4Firmware/Build/px4io-v2_default.build/nuttx-export/libs\libnuttx.a(arch-stm32_serial.o)
 .text.up_set_format
                0x08007ad2       0x72 c:/Users/Morgan/Documents/Uni/FYP/ArduCode/PX4Firmware/Build/px4io-v2_default.build/nuttx-export/libs\libnuttx.a(arch-stm32_serial.o)
 .text.up_receive
                0x08007b44       0x16 c:/Users/Morgan/Documents/Uni/FYP/ArduCode/PX4Firmware/Build/px4io-v2_default.build/nuttx-export/libs\libnuttx.a(arch-stm32_serial.o)
 .text.up_rxint
                0x08007b5a       0x28 c:/Users/Morgan/Documents/Uni/FYP/ArduCode/PX4Firmware/Build/px4io-v2_default.build/nuttx-export/libs\libnuttx.a(arch-stm32_serial.o)
 .text.up_rxavailable
                0x08007b82        0xc c:/Users/Morgan/Documents/Uni/FYP/ArduCode/PX4Firmware/Build/px4io-v2_default.build/nuttx-export/libs\libnuttx.a(arch-stm32_serial.o)
 .text.up_dma_rxint
                0x08007b8e        0x8 c:/Users/Morgan/Documents/Uni/FYP/ArduCode/PX4Firmware/Build/px4io-v2_default.build/nuttx-export/libs\libnuttx.a(arch-stm32_serial.o)
 .text.up_send  0x08007b96        0x8 c:/Users/Morgan/Documents/Uni/FYP/ArduCode/PX4Firmware/Build/px4io-v2_default.build/nuttx-export/libs\libnuttx.a(arch-stm32_serial.o)
 .text.up_txready
                0x08007b9e        0xc c:/Users/Morgan/Documents/Uni/FYP/ArduCode/PX4Firmware/Build/px4io-v2_default.build/nuttx-export/libs\libnuttx.a(arch-stm32_serial.o)
 .text.up_setup
                0x08007baa       0x58 c:/Users/Morgan/Documents/Uni/FYP/ArduCode/PX4Firmware/Build/px4io-v2_default.build/nuttx-export/libs\libnuttx.a(arch-stm32_serial.o)
 .text.up_txint
                0x08007c02       0x38 c:/Users/Morgan/Documents/Uni/FYP/ArduCode/PX4Firmware/Build/px4io-v2_default.build/nuttx-export/libs\libnuttx.a(arch-stm32_serial.o)
 .text.up_dma_receive
                0x08007c3a       0x28 c:/Users/Morgan/Documents/Uni/FYP/ArduCode/PX4Firmware/Build/px4io-v2_default.build/nuttx-export/libs\libnuttx.a(arch-stm32_serial.o)
 .text.up_ioctl
                0x08007c62       0xa6 c:/Users/Morgan/Documents/Uni/FYP/ArduCode/PX4Firmware/Build/px4io-v2_default.build/nuttx-export/libs\libnuttx.a(arch-stm32_serial.o)
 .text.up_detach
                0x08007d08       0x1a c:/Users/Morgan/Documents/Uni/FYP/ArduCode/PX4Firmware/Build/px4io-v2_default.build/nuttx-export/libs\libnuttx.a(arch-stm32_serial.o)
 .text.up_attach
                0x08007d22       0x1e c:/Users/Morgan/Documents/Uni/FYP/ArduCode/PX4Firmware/Build/px4io-v2_default.build/nuttx-export/libs\libnuttx.a(arch-stm32_serial.o)
 .text.up_dma_setup
                0x08007d40       0x50 c:/Users/Morgan/Documents/Uni/FYP/ArduCode/PX4Firmware/Build/px4io-v2_default.build/nuttx-export/libs\libnuttx.a(arch-stm32_serial.o)
 .text.up_shutdown
                0x08007d90       0x1c c:/Users/Morgan/Documents/Uni/FYP/ArduCode/PX4Firmware/Build/px4io-v2_default.build/nuttx-export/libs\libnuttx.a(arch-stm32_serial.o)
 .text.up_dma_shutdown
                0x08007dac       0x1a c:/Users/Morgan/Documents/Uni/FYP/ArduCode/PX4Firmware/Build/px4io-v2_default.build/nuttx-export/libs\libnuttx.a(arch-stm32_serial.o)
 .text.up_interrupt_common
                0x08007dc6       0x5c c:/Users/Morgan/Documents/Uni/FYP/ArduCode/PX4Firmware/Build/px4io-v2_default.build/nuttx-export/libs\libnuttx.a(arch-stm32_serial.o)
 *fill*         0x08007e22        0x2 00
 .text.up_interrupt_usart3
                0x08007e24        0xc c:/Users/Morgan/Documents/Uni/FYP/ArduCode/PX4Firmware/Build/px4io-v2_default.build/nuttx-export/libs\libnuttx.a(arch-stm32_serial.o)
 .text.up_interrupt_usart2
                0x08007e30        0xc c:/Users/Morgan/Documents/Uni/FYP/ArduCode/PX4Firmware/Build/px4io-v2_default.build/nuttx-export/libs\libnuttx.a(arch-stm32_serial.o)
 .text.up_interrupt_usart1
                0x08007e3c        0xc c:/Users/Morgan/Documents/Uni/FYP/ArduCode/PX4Firmware/Build/px4io-v2_default.build/nuttx-export/libs\libnuttx.a(arch-stm32_serial.o)
 .text.up_dma_rxavailable
                0x08007e48       0x18 c:/Users/Morgan/Documents/Uni/FYP/ArduCode/PX4Firmware/Build/px4io-v2_default.build/nuttx-export/libs\libnuttx.a(arch-stm32_serial.o)
 .text.up_dma_rxcallback
                0x08007e60       0x1e c:/Users/Morgan/Documents/Uni/FYP/ArduCode/PX4Firmware/Build/px4io-v2_default.build/nuttx-export/libs\libnuttx.a(arch-stm32_serial.o)
 *fill*         0x08007e7e        0x2 00
 .text.up_earlyserialinit
                0x08007e80       0x28 c:/Users/Morgan/Documents/Uni/FYP/ArduCode/PX4Firmware/Build/px4io-v2_default.build/nuttx-export/libs\libnuttx.a(arch-stm32_serial.o)
                0x08007e80                up_earlyserialinit
 .text.up_serialinit
                0x08007ea8       0x60 c:/Users/Morgan/Documents/Uni/FYP/ArduCode/PX4Firmware/Build/px4io-v2_default.build/nuttx-export/libs\libnuttx.a(arch-stm32_serial.o)
                0x08007ea8                up_serialinit
 .text.stm32_serial_dma_poll
                0x08007f08       0x34 c:/Users/Morgan/Documents/Uni/FYP/ArduCode/PX4Firmware/Build/px4io-v2_default.build/nuttx-export/libs\libnuttx.a(arch-stm32_serial.o)
                0x08007f08                stm32_serial_dma_poll
 .text.up_putc  0x08007f3c       0x3c c:/Users/Morgan/Documents/Uni/FYP/ArduCode/PX4Firmware/Build/px4io-v2_default.build/nuttx-export/libs\libnuttx.a(arch-stm32_serial.o)
                0x08007f3c                up_putc
 .text.__start  0x08007f78       0x58 c:/Users/Morgan/Documents/Uni/FYP/ArduCode/PX4Firmware/Build/px4io-v2_default.build/nuttx-export/libs\libnuttx.a(arch-stm32_start.o)
                0x08007f78                __start
 .text.up_assert
                0x08007fd0      0x148 c:/Users/Morgan/Documents/Uni/FYP/ArduCode/PX4Firmware/Build/px4io-v2_default.build/nuttx-export/libs\libnuttx.a(arch-up_assert.o)
                0x08007fd0                up_assert
 .text.up_hardfault
                0x08008118       0x40 c:/Users/Morgan/Documents/Uni/FYP/ArduCode/PX4Firmware/Build/px4io-v2_default.build/nuttx-export/libs\libnuttx.a(arch-up_hardfault.o)
                0x08008118                up_hardfault
 .text.modifyreg32
                0x08008158       0x1c c:/Users/Morgan/Documents/Uni/FYP/ArduCode/PX4Firmware/Build/px4io-v2_default.build/nuttx-export/libs\libnuttx.a(arch-up_modifyreg32.o)
                0x08008158                modifyreg32
 .text.up_svcall
                0x08008174       0x34 c:/Users/Morgan/Documents/Uni/FYP/ArduCode/PX4Firmware/Build/px4io-v2_default.build/nuttx-export/libs\libnuttx.a(arch-up_svcall.o)
                0x08008174                up_svcall
 .text.up_systemreset
                0x080081a8       0x20 c:/Users/Morgan/Documents/Uni/FYP/ArduCode/PX4Firmware/Build/px4io-v2_default.build/nuttx-export/libs\libnuttx.a(arch-up_systemreset.o)
                0x080081a8                up_systemreset
 .text.up_udelay
                0x080081c8       0x64 c:/Users/Morgan/Documents/Uni/FYP/ArduCode/PX4Firmware/Build/px4io-v2_default.build/nuttx-export/libs\libnuttx.a(arch-up_udelay.o)
                0x080081c8                up_udelay
 .text.__cxa_atexit
                0x0800822c        0x4 c:/Users/Morgan/Documents/Uni/FYP/ArduCode/PX4Firmware/Build/px4io-v2_default.build/nuttx-export/libs\libnuttx.a(cxx-libxx_cxa_atexit.o)
                0x0800822c                __cxa_atexit
 .text.__cxa_pure_virtual
                0x08008230       0x10 c:/Users/Morgan/Documents/Uni/FYP/ArduCode/PX4Firmware/Build/px4io-v2_default.build/nuttx-export/libs\libnuttx.a(cxx-libxx_cxapurevirtual.o)
                0x08008230                __cxa_pure_virtual
 .text._ZdlPv   0x08008240        0x4 c:/Users/Morgan/Documents/Uni/FYP/ArduCode/PX4Firmware/Build/px4io-v2_default.build/nuttx-export/libs\libnuttx.a(cxx-libxx_delete.o)
                0x08008240                operator delete(void*)
 .text.__aeabi_atexit
                0x08008244        0xa c:/Users/Morgan/Documents/Uni/FYP/ArduCode/PX4Firmware/Build/px4io-v2_default.build/nuttx-export/libs\libnuttx.a(cxx-libxx_eabi_atexit.o)
                0x08008244                __aeabi_atexit
 .text._Znwj    0x0800824e        0xa c:/Users/Morgan/Documents/Uni/FYP/ArduCode/PX4Firmware/Build/px4io-v2_default.build/nuttx-export/libs\libnuttx.a(cxx-libxx_new.o)
                0x0800824e                operator new(unsigned int)
 .text.ioctl    0x08008258       0x48 c:/Users/Morgan/Documents/Uni/FYP/ArduCode/PX4Firmware/Build/px4io-v2_default.build/nuttx-export/libs\libnuttx.a(fs-fs_ioctl.o)
                0x08008258                ioctl
 .text.inode_checkflags
                0x080082a0       0x20 c:/Users/Morgan/Documents/Uni/FYP/ArduCode/PX4Firmware/Build/px4io-v2_default.build/nuttx-export/libs\libnuttx.a(fs-fs_open.o)
                0x080082a0                inode_checkflags
 .text.open     0x080082c0       0x92 c:/Users/Morgan/Documents/Uni/FYP/ArduCode/PX4Firmware/Build/px4io-v2_default.build/nuttx-export/libs\libnuttx.a(fs-fs_open.o)
                0x080082c0                open
 .text.read     0x08008352       0x62 c:/Users/Morgan/Documents/Uni/FYP/ArduCode/PX4Firmware/Build/px4io-v2_default.build/nuttx-export/libs\libnuttx.a(fs-fs_read.o)
                0x08008352                read
 .text.write    0x080083b4       0x54 c:/Users/Morgan/Documents/Uni/FYP/ArduCode/PX4Firmware/Build/px4io-v2_default.build/nuttx-export/libs\libnuttx.a(fs-fs_write.o)
                0x080083b4                write
 .text.uart_ioctl
                0x08008408       0xcc c:/Users/Morgan/Documents/Uni/FYP/ArduCode/PX4Firmware/Build/px4io-v2_default.build/nuttx-export/libs\libnuttx.a(drivers-serial.o)
 .text.uart_takesem
                0x080084d4       0x30 c:/Users/Morgan/Documents/Uni/FYP/ArduCode/PX4Firmware/Build/px4io-v2_default.build/nuttx-export/libs\libnuttx.a(drivers-serial.o)
 .text.uart_putxmitchar
                0x08008504       0x7e c:/Users/Morgan/Documents/Uni/FYP/ArduCode/PX4Firmware/Build/px4io-v2_default.build/nuttx-export/libs\libnuttx.a(drivers-serial.o)
 .text.uart_write
                0x08008582       0xee c:/Users/Morgan/Documents/Uni/FYP/ArduCode/PX4Firmware/Build/px4io-v2_default.build/nuttx-export/libs\libnuttx.a(drivers-serial.o)
 .text.uart_read
                0x08008670       0xee c:/Users/Morgan/Documents/Uni/FYP/ArduCode/PX4Firmware/Build/px4io-v2_default.build/nuttx-export/libs\libnuttx.a(drivers-serial.o)
 .text.uart_open
                0x0800875e       0xae c:/Users/Morgan/Documents/Uni/FYP/ArduCode/PX4Firmware/Build/px4io-v2_default.build/nuttx-export/libs\libnuttx.a(drivers-serial.o)
 .text.uart_close
                0x0800880c       0x7e c:/Users/Morgan/Documents/Uni/FYP/ArduCode/PX4Firmware/Build/px4io-v2_default.build/nuttx-export/libs\libnuttx.a(drivers-serial.o)
 *fill*         0x0800888a        0x2 00
 .text.uart_register
                0x0800888c       0x54 c:/Users/Morgan/Documents/Uni/FYP/ArduCode/PX4Firmware/Build/px4io-v2_default.build/nuttx-export/libs\libnuttx.a(drivers-serial.o)
                0x0800888c                uart_register
 .text.uart_datareceived
                0x080088e0       0x10 c:/Users/Morgan/Documents/Uni/FYP/ArduCode/PX4Firmware/Build/px4io-v2_default.build/nuttx-export/libs\libnuttx.a(drivers-serial.o)
                0x080088e0                uart_datareceived
 .text.uart_datasent
                0x080088f0       0x10 c:/Users/Morgan/Documents/Uni/FYP/ArduCode/PX4Firmware/Build/px4io-v2_default.build/nuttx-export/libs\libnuttx.a(drivers-serial.o)
                0x080088f0                uart_datasent
 .text.uart_xmitchars
                0x08008900       0x70 c:/Users/Morgan/Documents/Uni/FYP/ArduCode/PX4Firmware/Build/px4io-v2_default.build/nuttx-export/libs\libnuttx.a(drivers-serialirq.o)
                0x08008900                uart_xmitchars
 .text.uart_recvchars
                0x08008970       0x5a c:/Users/Morgan/Documents/Uni/FYP/ArduCode/PX4Firmware/Build/px4io-v2_default.build/nuttx-export/libs\libnuttx.a(drivers-serialirq.o)
                0x08008970                uart_recvchars
 *fill*         0x080089ca        0x2 00
 .text.get_errno_ptr
                0x080089cc       0x24 c:/Users/Morgan/Documents/Uni/FYP/ArduCode/PX4Firmware/Build/px4io-v2_default.build/nuttx-export/libs\libnuttx.a(sched-errno_getptr.o)
                0x080089cc                get_errno_ptr
 .text.exit     0x080089f0       0x1c c:/Users/Morgan/Documents/Uni/FYP/ArduCode/PX4Firmware/Build/px4io-v2_default.build/nuttx-export/libs\libnuttx.a(sched-exit.o)
                0x080089f0                exit
 .text.getpid   0x08008a0c       0x10 c:/Users/Morgan/Documents/Uni/FYP/ArduCode/PX4Firmware/Build/px4io-v2_default.build/nuttx-export/libs\libnuttx.a(sched-getpid.o)
                0x08008a0c                getpid
 .text.os_start
                0x08008a1c      0x130 c:/Users/Morgan/Documents/Uni/FYP/ArduCode/PX4Firmware/Build/px4io-v2_default.build/nuttx-export/libs\libnuttx.a(sched-os_start.o)
                0x08008a1c                os_start
 .text.sched_garbagecollection
                0x08008b4c       0x2c c:/Users/Morgan/Documents/Uni/FYP/ArduCode/PX4Firmware/Build/px4io-v2_default.build/nuttx-export/libs\libnuttx.a(sched-sched_garbage.o)
                0x08008b4c                sched_garbagecollection
 .text.sched_getfiles
                0x08008b78       0x10 c:/Users/Morgan/Documents/Uni/FYP/ArduCode/PX4Firmware/Build/px4io-v2_default.build/nuttx-export/libs\libnuttx.a(sched-sched_getfiles.o)
                0x08008b78                sched_getfiles
 .text.sem_post
                0x08008b88       0x58 c:/Users/Morgan/Documents/Uni/FYP/ArduCode/PX4Firmware/Build/px4io-v2_default.build/nuttx-export/libs\libnuttx.a(sched-sem_post.o)
                0x08008b88                sem_post
 .text.sem_trywait
                0x08008be0       0x4c c:/Users/Morgan/Documents/Uni/FYP/ArduCode/PX4Firmware/Build/px4io-v2_default.build/nuttx-export/libs\libnuttx.a(sched-sem_trywait.o)
                0x08008be0                sem_trywait
 .text.sem_wait
                0x08008c2c       0x80 c:/Users/Morgan/Documents/Uni/FYP/ArduCode/PX4Firmware/Build/px4io-v2_default.build/nuttx-export/libs\libnuttx.a(sched-sem_wait.o)
                0x08008c2c                sem_wait
 .text.task_exithook
                0x08008cac       0x22 c:/Users/Morgan/Documents/Uni/FYP/ArduCode/PX4Firmware/Build/px4io-v2_default.build/nuttx-export/libs\libnuttx.a(sched-task_exithook.o)
                0x08008cac                task_exithook
 .text.task_recover
                0x08008cce       0x26 c:/Users/Morgan/Documents/Uni/FYP/ArduCode/PX4Firmware/Build/px4io-v2_default.build/nuttx-export/libs\libnuttx.a(sched-task_recover.o)
                0x08008cce                task_recover
 .text.wd_cancel
                0x08008cf4       0x64 c:/Users/Morgan/Documents/Uni/FYP/ArduCode/PX4Firmware/Build/px4io-v2_default.build/nuttx-export/libs\libnuttx.a(sched-wd_cancel.o)
                0x08008cf4                wd_cancel
 .text.wd_delete
                0x08008d58       0x3c c:/Users/Morgan/Documents/Uni/FYP/ArduCode/PX4Firmware/Build/px4io-v2_default.build/nuttx-export/libs\libnuttx.a(sched-wd_delete.o)
                0x08008d58                wd_delete
 .text.wd_initialize
                0x08008d94       0x44 c:/Users/Morgan/Documents/Uni/FYP/ArduCode/PX4Firmware/Build/px4io-v2_default.build/nuttx-export/libs\libnuttx.a(sched-wd_initialize.o)
                0x08008d94                wd_initialize
 .text.dq_addfirst
                0x08008dd8       0x18 c:/Users/Morgan/Documents/Uni/FYP/ArduCode/PX4Firmware/Build/px4io-v2_default.build/nuttx-export/libs\libnuttx.a(c-dq_addfirst.o)
                0x08008dd8                dq_addfirst
 .text.cfgetspeed
                0x08008df0        0x4 c:/Users/Morgan/Documents/Uni/FYP/ArduCode/PX4Firmware/Build/px4io-v2_default.build/nuttx-export/libs\libnuttx.a(c-lib_cfgetspeed.o)
                0x08008df0                cfgetspeed
 .text.lib_checkbase
                0x08008df4       0x50 c:/Users/Morgan/Documents/Uni/FYP/ArduCode/PX4Firmware/Build/px4io-v2_default.build/nuttx-export/libs\libnuttx.a(c-lib_checkbase.o)
                0x08008df4                lib_checkbase
 .text.lib_isbasedigit
                0x08008e44       0x4e c:/Users/Morgan/Documents/Uni/FYP/ArduCode/PX4Firmware/Build/px4io-v2_default.build/nuttx-export/libs\libnuttx.a(c-lib_isbasedigit.o)
                0x08008e44                lib_isbasedigit
 .text.utodec   0x08008e92       0x22 c:/Users/Morgan/Documents/Uni/FYP/ArduCode/PX4Firmware/Build/px4io-v2_default.build/nuttx-export/libs\libnuttx.a(c-lib_libvsprintf.o)
 .text.utooct   0x08008eb4       0x1c c:/Users/Morgan/Documents/Uni/FYP/ArduCode/PX4Firmware/Build/px4io-v2_default.build/nuttx-export/libs\libnuttx.a(c-lib_libvsprintf.o)
 .text.utobin   0x08008ed0       0x1c c:/Users/Morgan/Documents/Uni/FYP/ArduCode/PX4Firmware/Build/px4io-v2_default.build/nuttx-export/libs\libnuttx.a(c-lib_libvsprintf.o)
 .text.llutodec
                0x08008eec       0x3e c:/Users/Morgan/Documents/Uni/FYP/ArduCode/PX4Firmware/Build/px4io-v2_default.build/nuttx-export/libs\libnuttx.a(c-lib_libvsprintf.o)
 .text.llutooct
                0x08008f2a       0x2a c:/Users/Morgan/Documents/Uni/FYP/ArduCode/PX4Firmware/Build/px4io-v2_default.build/nuttx-export/libs\libnuttx.a(c-lib_libvsprintf.o)
 .text.llutobin
                0x08008f54       0x24 c:/Users/Morgan/Documents/Uni/FYP/ArduCode/PX4Firmware/Build/px4io-v2_default.build/nuttx-export/libs\libnuttx.a(c-lib_libvsprintf.o)
 .text.prejustify
                0x08008f78       0x80 c:/Users/Morgan/Documents/Uni/FYP/ArduCode/PX4Firmware/Build/px4io-v2_default.build/nuttx-export/libs\libnuttx.a(c-lib_libvsprintf.o)
 .text.utohex   0x08008ff8       0x4c c:/Users/Morgan/Documents/Uni/FYP/ArduCode/PX4Firmware/Build/px4io-v2_default.build/nuttx-export/libs\libnuttx.a(c-lib_libvsprintf.o)
 .text.utoascii
                0x08009044       0x90 c:/Users/Morgan/Documents/Uni/FYP/ArduCode/PX4Firmware/Build/px4io-v2_default.build/nuttx-export/libs\libnuttx.a(c-lib_libvsprintf.o)
 .text.llutohex
                0x080090d4       0x72 c:/Users/Morgan/Documents/Uni/FYP/ArduCode/PX4Firmware/Build/px4io-v2_default.build/nuttx-export/libs\libnuttx.a(c-lib_libvsprintf.o)
 .text.llutoascii
                0x08009146       0x9a c:/Users/Morgan/Documents/Uni/FYP/ArduCode/PX4Firmware/Build/px4io-v2_default.build/nuttx-export/libs\libnuttx.a(c-lib_libvsprintf.o)
 .text.postjustify.part.2
                0x080091e0       0x20 c:/Users/Morgan/Documents/Uni/FYP/ArduCode/PX4Firmware/Build/px4io-v2_default.build/nuttx-export/libs\libnuttx.a(c-lib_libvsprintf.o)
 .text.lib_vsprintf
                0x08009200      0x2ac c:/Users/Morgan/Documents/Uni/FYP/ArduCode/PX4Firmware/Build/px4io-v2_default.build/nuttx-export/libs\libnuttx.a(c-lib_libvsprintf.o)
                0x08009200                lib_vsprintf
 .text.lowoutstream_putc
                0x080094ac       0x16 c:/Users/Morgan/Documents/Uni/FYP/ArduCode/PX4Firmware/Build/px4io-v2_default.build/nuttx-export/libs\libnuttx.a(c-lib_lowoutstream.o)
 *fill*         0x080094c2        0x2 00
 .text.lib_lowoutstream
                0x080094c4       0x10 c:/Users/Morgan/Documents/Uni/FYP/ArduCode/PX4Firmware/Build/px4io-v2_default.build/nuttx-export/libs\libnuttx.a(c-lib_lowoutstream.o)
                0x080094c4                lib_lowoutstream
 .text.memoutstream_putc
                0x080094d4       0x1a c:/Users/Morgan/Documents/Uni/FYP/ArduCode/PX4Firmware/Build/px4io-v2_default.build/nuttx-export/libs\libnuttx.a(c-lib_memoutstream.o)
 *fill*         0x080094ee        0x2 00
 .text.lib_memoutstream
                0x080094f0       0x18 c:/Users/Morgan/Documents/Uni/FYP/ArduCode/PX4Firmware/Build/px4io-v2_default.build/nuttx-export/libs\libnuttx.a(c-lib_memoutstream.o)
                0x080094f0                lib_memoutstream
 .text.nulloutstream_putc
                0x08009508        0x8 c:/Users/Morgan/Documents/Uni/FYP/ArduCode/PX4Firmware/Build/px4io-v2_default.build/nuttx-export/libs\libnuttx.a(c-lib_nulloutstream.o)
 .text.lib_nulloutstream
                0x08009510       0x10 c:/Users/Morgan/Documents/Uni/FYP/ArduCode/PX4Firmware/Build/px4io-v2_default.build/nuttx-export/libs\libnuttx.a(c-lib_nulloutstream.o)
                0x08009510                lib_nulloutstream
 .text.lib_skipspace
                0x08009520       0x24 c:/Users/Morgan/Documents/Uni/FYP/ArduCode/PX4Firmware/Build/px4io-v2_default.build/nuttx-export/libs\libnuttx.a(c-lib_skipspace.o)
                0x08009520                lib_skipspace
 .text.strcpy   0x08009544        0xe c:/Users/Morgan/Documents/Uni/FYP/ArduCode/PX4Firmware/Build/px4io-v2_default.build/nuttx-export/libs\libnuttx.a(c-lib_strcpy.o)
                0x08009544                strcpy
 .text.strlen   0x08009552       0x10 c:/Users/Morgan/Documents/Uni/FYP/ArduCode/PX4Firmware/Build/px4io-v2_default.build/nuttx-export/libs\libnuttx.a(c-lib_strlen.o)
                0x08009552                strlen
 .text.sem_init
                0x08009562       0x1e c:/Users/Morgan/Documents/Uni/FYP/ArduCode/PX4Firmware/Build/px4io-v2_default.build/nuttx-export/libs\libnuttx.a(c-sem_init.o)
                0x08009562                sem_init
 .text.sq_remfirst
                0x08009580       0x14 c:/Users/Morgan/Documents/Uni/FYP/ArduCode/PX4Firmware/Build/px4io-v2_default.build/nuttx-export/libs\libnuttx.a(c-sq_remfirst.o)
                0x08009580                sq_remfirst
 .text.mm_addfreechunk
                0x08009594       0x36 c:/Users/Morgan/Documents/Uni/FYP/ArduCode/PX4Firmware/Build/px4io-v2_default.build/nuttx-export/libs\libnuttx.a(mm-mm_addfreechunk.o)
                0x08009594                mm_addfreechunk
 .text.mm_addregion
                0x080095ca       0x50 c:/Users/Morgan/Documents/Uni/FYP/ArduCode/PX4Firmware/Build/px4io-v2_default.build/nuttx-export/libs\libnuttx.a(mm-mm_initialize.o)
                0x080095ca                mm_addregion
 .text.mm_initialize
                0x0800961a       0x4a c:/Users/Morgan/Documents/Uni/FYP/ArduCode/PX4Firmware/Build/px4io-v2_default.build/nuttx-export/libs\libnuttx.a(mm-mm_initialize.o)
                0x0800961a                mm_initialize
 .text.up_allocate_heap
                0x08009664       0x14 c:/Users/Morgan/Documents/Uni/FYP/ArduCode/PX4Firmware/Build/px4io-v2_default.build/nuttx-export/libs\libnuttx.a(arch-stm32_allocateheap.o)
                0x08009664                up_allocate_heap
 .text.up_idle  0x08009678        0x4 c:/Users/Morgan/Documents/Uni/FYP/ArduCode/PX4Firmware/Build/px4io-v2_default.build/nuttx-export/libs\libnuttx.a(arch-stm32_idle.o)
                0x08009678                up_idle
 .text.up_lowputc
                0x0800967c       0x18 c:/Users/Morgan/Documents/Uni/FYP/ArduCode/PX4Firmware/Build/px4io-v2_default.build/nuttx-export/libs\libnuttx.a(arch-stm32_lowputc.o)
                0x0800967c                up_lowputc
 .text.stm32_lowsetup
                0x08009694       0x68 c:/Users/Morgan/Documents/Uni/FYP/ArduCode/PX4Firmware/Build/px4io-v2_default.build/nuttx-export/libs\libnuttx.a(arch-stm32_lowputc.o)
                0x08009694                stm32_lowsetup
 .text.stm32_clockconfig
                0x080096fc       0xe0 c:/Users/Morgan/Documents/Uni/FYP/ArduCode/PX4Firmware/Build/px4io-v2_default.build/nuttx-export/libs\libnuttx.a(arch-stm32_rcc.o)
                0x080096fc                stm32_clockconfig
 .text.up_block_task
                0x080097dc       0x70 c:/Users/Morgan/Documents/Uni/FYP/ArduCode/PX4Firmware/Build/px4io-v2_default.build/nuttx-export/libs\libnuttx.a(arch-up_blocktask.o)
                0x080097dc                up_block_task
 .text.up_copystate
                0x0800984c       0x12 c:/Users/Morgan/Documents/Uni/FYP/ArduCode/PX4Firmware/Build/px4io-v2_default.build/nuttx-export/libs\libnuttx.a(arch-up_copystate.o)
                0x0800984c                up_copystate
 .text          0x0800985e       0x5e c:/Users/Morgan/Documents/Uni/FYP/ArduCode/PX4Firmware/Build/px4io-v2_default.build/nuttx-export/libs\libnuttx.a(arch-up_exception.o)
                0x0800985e                exception_common
 .text._exit    0x080098bc       0x1c c:/Users/Morgan/Documents/Uni/FYP/ArduCode/PX4Firmware/Build/px4io-v2_default.build/nuttx-export/libs\libnuttx.a(arch-up_exit.o)
                0x080098bc                _exit
 .text          0x080098d8        0xa c:/Users/Morgan/Documents/Uni/FYP/ArduCode/PX4Firmware/Build/px4io-v2_default.build/nuttx-export/libs\libnuttx.a(arch-up_fullcontextrestore.o)
                0x080098d8                up_fullcontextrestore
 *fill*         0x080098e2        0x2 00
 .text.up_initialize
                0x080098e4       0x28 c:/Users/Morgan/Documents/Uni/FYP/ArduCode/PX4Firmware/Build/px4io-v2_default.build/nuttx-export/libs\libnuttx.a(arch-up_initialize.o)
                0x080098e4                up_initialize
 .text.up_initial_state
                0x0800990c       0x36 c:/Users/Morgan/Documents/Uni/FYP/ArduCode/PX4Firmware/Build/px4io-v2_default.build/nuttx-export/libs\libnuttx.a(arch-up_initialstate.o)
                0x0800990c                up_initial_state
 *fill*         0x08009942        0x2 00
 .text.up_interrupt_context
                0x08009944       0x10 c:/Users/Morgan/Documents/Uni/FYP/ArduCode/PX4Firmware/Build/px4io-v2_default.build/nuttx-export/libs\libnuttx.a(arch-up_interruptcontext.o)
                0x08009944                up_interrupt_context
 .text.up_mdelay
                0x08009954       0x28 c:/Users/Morgan/Documents/Uni/FYP/ArduCode/PX4Firmware/Build/px4io-v2_default.build/nuttx-export/libs\libnuttx.a(arch-up_mdelay.o)
                0x08009954                up_mdelay
 .text          0x0800997c        0xc c:/Users/Morgan/Documents/Uni/FYP/ArduCode/PX4Firmware/Build/px4io-v2_default.build/nuttx-export/libs\libnuttx.a(arch-up_switchcontext.o)
                0x0800997c                up_switchcontext
 .text.up_unblock_task
                0x08009988       0x54 c:/Users/Morgan/Documents/Uni/FYP/ArduCode/PX4Firmware/Build/px4io-v2_default.build/nuttx-export/libs\libnuttx.a(arch-up_unblocktask.o)
                0x08009988                up_unblock_task
 .text._files_close
                0x080099dc       0x2a c:/Users/Morgan/Documents/Uni/FYP/ArduCode/PX4Firmware/Build/px4io-v2_default.build/nuttx-export/libs\libnuttx.a(fs-fs_files.o)
 *fill*         0x08009a06        0x2 00
 .text._files_semtake
                0x08009a08       0x24 c:/Users/Morgan/Documents/Uni/FYP/ArduCode/PX4Firmware/Build/px4io-v2_default.build/nuttx-export/libs\libnuttx.a(fs-fs_files.o)
 .text.files_initialize
                0x08009a2c        0x2 c:/Users/Morgan/Documents/Uni/FYP/ArduCode/PX4Firmware/Build/px4io-v2_default.build/nuttx-export/libs\libnuttx.a(fs-fs_files.o)
                0x08009a2c                files_initialize
 .text.files_initlist
                0x08009a2e        0x8 c:/Users/Morgan/Documents/Uni/FYP/ArduCode/PX4Firmware/Build/px4io-v2_default.build/nuttx-export/libs\libnuttx.a(fs-fs_files.o)
                0x08009a2e                files_initlist
 .text.files_releaselist
                0x08009a36       0x20 c:/Users/Morgan/Documents/Uni/FYP/ArduCode/PX4Firmware/Build/px4io-v2_default.build/nuttx-export/libs\libnuttx.a(fs-fs_files.o)
                0x08009a36                files_releaselist
 .text.files_dup
                0x08009a56       0x84 c:/Users/Morgan/Documents/Uni/FYP/ArduCode/PX4Firmware/Build/px4io-v2_default.build/nuttx-export/libs\libnuttx.a(fs-fs_files.o)
                0x08009a56                files_dup
 .text.files_allocate
                0x08009ada       0x4c c:/Users/Morgan/Documents/Uni/FYP/ArduCode/PX4Firmware/Build/px4io-v2_default.build/nuttx-export/libs\libnuttx.a(fs-fs_files.o)
                0x08009ada                files_allocate
 .text.files_close
                0x08009b26       0x3a c:/Users/Morgan/Documents/Uni/FYP/ArduCode/PX4Firmware/Build/px4io-v2_default.build/nuttx-export/libs\libnuttx.a(fs-fs_files.o)
                0x08009b26                files_close
 .text.files_release
                0x08009b60       0x2c c:/Users/Morgan/Documents/Uni/FYP/ArduCode/PX4Firmware/Build/px4io-v2_default.build/nuttx-export/libs\libnuttx.a(fs-fs_files.o)
                0x08009b60                files_release
 .text.inode_addref
                0x08009b8c       0x1a c:/Users/Morgan/Documents/Uni/FYP/ArduCode/PX4Firmware/Build/px4io-v2_default.build/nuttx-export/libs\libnuttx.a(fs-fs_inodeaddref.o)
                0x08009b8c                inode_addref
 .text.inode_find
                0x08009ba6       0x32 c:/Users/Morgan/Documents/Uni/FYP/ArduCode/PX4Firmware/Build/px4io-v2_default.build/nuttx-export/libs\libnuttx.a(fs-fs_inodefind.o)
                0x08009ba6                inode_find
 .text.inode_release
                0x08009bd8       0x44 c:/Users/Morgan/Documents/Uni/FYP/ArduCode/PX4Firmware/Build/px4io-v2_default.build/nuttx-export/libs\libnuttx.a(fs-fs_inoderelease.o)
                0x08009bd8                inode_release
 .text.register_driver
                0x08009c1c       0x30 c:/Users/Morgan/Documents/Uni/FYP/ArduCode/PX4Firmware/Build/px4io-v2_default.build/nuttx-export/libs\libnuttx.a(fs-fs_registerdriver.o)
                0x08009c1c                register_driver
 .text.group_allocate
                0x08009c4c       0x18 c:/Users/Morgan/Documents/Uni/FYP/ArduCode/PX4Firmware/Build/px4io-v2_default.build/nuttx-export/libs\libnuttx.a(sched-group_create.o)
                0x08009c4c                group_allocate
 .text.group_initialize
                0x08009c64        0xa c:/Users/Morgan/Documents/Uni/FYP/ArduCode/PX4Firmware/Build/px4io-v2_default.build/nuttx-export/libs\libnuttx.a(sched-group_create.o)
                0x08009c64                group_initialize
 .text.group_leave
                0x08009c6e       0x26 c:/Users/Morgan/Documents/Uni/FYP/ArduCode/PX4Firmware/Build/px4io-v2_default.build/nuttx-export/libs\libnuttx.a(sched-group_leave.o)
                0x08009c6e                group_leave
 .text.group_setupidlefiles
                0x08009c94       0x38 c:/Users/Morgan/Documents/Uni/FYP/ArduCode/PX4Firmware/Build/px4io-v2_default.build/nuttx-export/libs\libnuttx.a(sched-group_setupidlefiles.o)
                0x08009c94                group_setupidlefiles
 .text.os_bringup
                0x08009ccc       0x30 c:/Users/Morgan/Documents/Uni/FYP/ArduCode/PX4Firmware/Build/px4io-v2_default.build/nuttx-export/libs\libnuttx.a(sched-os_bringup.o)
                0x08009ccc                os_bringup
 .text.sched_addblocked
                0x08009cfc       0x38 c:/Users/Morgan/Documents/Uni/FYP/ArduCode/PX4Firmware/Build/px4io-v2_default.build/nuttx-export/libs\libnuttx.a(sched-sched_addblocked.o)
                0x08009cfc                sched_addblocked
 .text.sched_addprioritized
                0x08009d34       0x54 c:/Users/Morgan/Documents/Uni/FYP/ArduCode/PX4Firmware/Build/px4io-v2_default.build/nuttx-export/libs\libnuttx.a(sched-sched_addprioritized.o)
                0x08009d34                sched_addprioritized
 .text.sched_addreadytorun
                0x08009d88       0x60 c:/Users/Morgan/Documents/Uni/FYP/ArduCode/PX4Firmware/Build/px4io-v2_default.build/nuttx-export/libs\libnuttx.a(sched-sched_addreadytorun.o)
                0x08009d88                sched_addreadytorun
 .text.sched_ufree
                0x08009de8       0x3c c:/Users/Morgan/Documents/Uni/FYP/ArduCode/PX4Firmware/Build/px4io-v2_default.build/nuttx-export/libs\libnuttx.a(sched-sched_free.o)
                0x08009de8                sched_ufree
 .text.sched_mergepending
                0x08009e24       0x68 c:/Users/Morgan/Documents/Uni/FYP/ArduCode/PX4Firmware/Build/px4io-v2_default.build/nuttx-export/libs\libnuttx.a(sched-sched_mergepending.o)
                0x08009e24                sched_mergepending
 .text.sched_removeblocked
                0x08009e8c       0x2c c:/Users/Morgan/Documents/Uni/FYP/ArduCode/PX4Firmware/Build/px4io-v2_default.build/nuttx-export/libs\libnuttx.a(sched-sched_removeblocked.o)
                0x08009e8c                sched_removeblocked
 .text.sched_removereadytorun
                0x08009eb8       0x38 c:/Users/Morgan/Documents/Uni/FYP/ArduCode/PX4Firmware/Build/px4io-v2_default.build/nuttx-export/libs\libnuttx.a(sched-sched_removereadytorun.o)
                0x08009eb8                sched_removereadytorun
 .text.sem_destroy
                0x08009ef0       0x26 c:/Users/Morgan/Documents/Uni/FYP/ArduCode/PX4Firmware/Build/px4io-v2_default.build/nuttx-export/libs\libnuttx.a(sched-sem_destroy.o)
                0x08009ef0                sem_destroy
 *fill*         0x08009f16        0x2 00
 .text.thread_create
                0x08009f18       0xa4 c:/Users/Morgan/Documents/Uni/FYP/ArduCode/PX4Firmware/Build/px4io-v2_default.build/nuttx-export/libs\libnuttx.a(sched-task_create.o)
 .text.task_create
                0x08009fbc       0x18 c:/Users/Morgan/Documents/Uni/FYP/ArduCode/PX4Firmware/Build/px4io-v2_default.build/nuttx-export/libs\libnuttx.a(sched-task_create.o)
                0x08009fbc                task_create
 .text.task_exit
                0x08009fd4       0x4c c:/Users/Morgan/Documents/Uni/FYP/ArduCode/PX4Firmware/Build/px4io-v2_default.build/nuttx-export/libs\libnuttx.a(sched-task_exit.o)
                0x08009fd4                task_exit
 .text.task_schedsetup
                0x0800a020       0xa8 c:/Users/Morgan/Documents/Uni/FYP/ArduCode/PX4Firmware/Build/px4io-v2_default.build/nuttx-export/libs\libnuttx.a(sched-task_setup.o)
                0x0800a020                task_schedsetup
 .text.task_argsetup
                0x0800a0c8       0x5c c:/Users/Morgan/Documents/Uni/FYP/ArduCode/PX4Firmware/Build/px4io-v2_default.build/nuttx-export/libs\libnuttx.a(sched-task_setup.o)
                0x0800a0c8                task_argsetup
 .text.task_start
                0x0800a124       0x28 c:/Users/Morgan/Documents/Uni/FYP/ArduCode/PX4Firmware/Build/px4io-v2_default.build/nuttx-export/libs\libnuttx.a(sched-task_start.o)
                0x0800a124                task_start
 .text.task_terminate
                0x0800a14c       0x78 c:/Users/Morgan/Documents/Uni/FYP/ArduCode/PX4Firmware/Build/px4io-v2_default.build/nuttx-export/libs\libnuttx.a(sched-task_terminate.o)
                0x0800a14c                task_terminate
 .text.dq_addlast
                0x0800a1c4       0x18 c:/Users/Morgan/Documents/Uni/FYP/ArduCode/PX4Firmware/Build/px4io-v2_default.build/nuttx-export/libs\libnuttx.a(c-dq_addlast.o)
                0x0800a1c4                dq_addlast
 .text.dq_rem   0x0800a1dc       0x1c c:/Users/Morgan/Documents/Uni/FYP/ArduCode/PX4Firmware/Build/px4io-v2_default.build/nuttx-export/libs\libnuttx.a(c-dq_rem.o)
                0x0800a1dc                dq_rem
 .text.strdup   0x0800a1f8       0x1c c:/Users/Morgan/Documents/Uni/FYP/ArduCode/PX4Firmware/Build/px4io-v2_default.build/nuttx-export/libs\libnuttx.a(c-lib_strdup.o)
                0x0800a1f8                strdup
 .text.up_timerisr
                0x0800a214        0xa c:/Users/Morgan/Documents/Uni/FYP/ArduCode/PX4Firmware/Build/px4io-v2_default.build/nuttx-export/libs\libnuttx.a(arch-stm32_timerisr.o)
                0x0800a214                up_timerisr
 *fill*         0x0800a21e        0x2 00
 .text.up_timerinit
                0x0800a220       0x40 c:/Users/Morgan/Documents/Uni/FYP/ArduCode/PX4Firmware/Build/px4io-v2_default.build/nuttx-export/libs\libnuttx.a(arch-stm32_timerisr.o)
                0x0800a220                up_timerinit
 .text.up_create_stack
                0x0800a260       0x42 c:/Users/Morgan/Documents/Uni/FYP/ArduCode/PX4Firmware/Build/px4io-v2_default.build/nuttx-export/libs\libnuttx.a(arch-up_createstack.o)
                0x0800a260                up_create_stack
 *fill*         0x0800a2a2        0x2 00
 .text.up_doirq
                0x0800a2a4       0x2c c:/Users/Morgan/Documents/Uni/FYP/ArduCode/PX4Firmware/Build/px4io-v2_default.build/nuttx-export/libs\libnuttx.a(arch-up_doirq.o)
                0x0800a2a4                up_doirq
 .text.up_release_stack
                0x0800a2d0       0x16 c:/Users/Morgan/Documents/Uni/FYP/ArduCode/PX4Firmware/Build/px4io-v2_default.build/nuttx-export/libs\libnuttx.a(arch-up_releasestack.o)
                0x0800a2d0                up_release_stack
 .text.close    0x0800a2e6       0x24 c:/Users/Morgan/Documents/Uni/FYP/ArduCode/PX4Firmware/Build/px4io-v2_default.build/nuttx-export/libs\libnuttx.a(fs-fs_close.o)
                0x0800a2e6                close
 .text.dup2     0x0800a30a       0x4a c:/Users/Morgan/Documents/Uni/FYP/ArduCode/PX4Firmware/Build/px4io-v2_default.build/nuttx-export/libs\libnuttx.a(fs-fs_filedup2.o)
                0x0800a30a                dup2
 .text.fs_initialize
                0x0800a354       0x20 c:/Users/Morgan/Documents/Uni/FYP/ArduCode/PX4Firmware/Build/px4io-v2_default.build/nuttx-export/libs\libnuttx.a(fs-fs_inode.o)
                0x0800a354                fs_initialize
 .text.inode_semtake
                0x0800a374       0x28 c:/Users/Morgan/Documents/Uni/FYP/ArduCode/PX4Firmware/Build/px4io-v2_default.build/nuttx-export/libs\libnuttx.a(fs-fs_inode.o)
                0x0800a374                inode_semtake
 .text.inode_semgive
                0x0800a39c        0xc c:/Users/Morgan/Documents/Uni/FYP/ArduCode/PX4Firmware/Build/px4io-v2_default.build/nuttx-export/libs\libnuttx.a(fs-fs_inode.o)
                0x0800a39c                inode_semgive
 .text.inode_free
                0x0800a3a8       0x1e c:/Users/Morgan/Documents/Uni/FYP/ArduCode/PX4Firmware/Build/px4io-v2_default.build/nuttx-export/libs\libnuttx.a(fs-fs_inode.o)
                0x0800a3a8                inode_free
 .text.inode_nextname
                0x0800a3c6       0x12 c:/Users/Morgan/Documents/Uni/FYP/ArduCode/PX4Firmware/Build/px4io-v2_default.build/nuttx-export/libs\libnuttx.a(fs-fs_inode.o)
                0x0800a3c6                inode_nextname
 .text.inode_search
                0x0800a3d8       0xa0 c:/Users/Morgan/Documents/Uni/FYP/ArduCode/PX4Firmware/Build/px4io-v2_default.build/nuttx-export/libs\libnuttx.a(fs-fs_inode.o)
                0x0800a3d8                inode_search
 .text.inode_alloc
                0x0800a478       0x3c c:/Users/Morgan/Documents/Uni/FYP/ArduCode/PX4Firmware/Build/px4io-v2_default.build/nuttx-export/libs\libnuttx.a(fs-fs_inodereserve.o)
 .text.inode_reserve
                0x0800a4b4       0xa4 c:/Users/Morgan/Documents/Uni/FYP/ArduCode/PX4Firmware/Build/px4io-v2_default.build/nuttx-export/libs\libnuttx.a(fs-fs_inodereserve.o)
                0x0800a4b4                inode_reserve
 .text.group_setuptaskfiles
                0x0800a558        0xe c:/Users/Morgan/Documents/Uni/FYP/ArduCode/PX4Firmware/Build/px4io-v2_default.build/nuttx-export/libs\libnuttx.a(sched-group_setuptaskfiles.o)
                0x0800a558                group_setuptaskfiles
 *fill*         0x0800a566        0x2 00
 .text.irq_dispatch
                0x0800a568       0x24 c:/Users/Morgan/Documents/Uni/FYP/ArduCode/PX4Firmware/Build/px4io-v2_default.build/nuttx-export/libs\libnuttx.a(sched-irq_dispatch.o)
                0x0800a568                irq_dispatch
 .text.sched_gettcb
                0x0800a58c       0x24 c:/Users/Morgan/Documents/Uni/FYP/ArduCode/PX4Firmware/Build/px4io-v2_default.build/nuttx-export/libs\libnuttx.a(sched-sched_gettcb.o)
                0x0800a58c                sched_gettcb
 .text.sched_lock
                0x0800a5b0       0x30 c:/Users/Morgan/Documents/Uni/FYP/ArduCode/PX4Firmware/Build/px4io-v2_default.build/nuttx-export/libs\libnuttx.a(sched-sched_lock.o)
                0x0800a5b0                sched_lock
 .text.sched_process_timer
                0x0800a5e0       0x1c c:/Users/Morgan/Documents/Uni/FYP/ArduCode/PX4Firmware/Build/px4io-v2_default.build/nuttx-export/libs\libnuttx.a(sched-sched_processtimer.o)
                0x0800a5e0                sched_process_timer
 .text.sched_releasetcb
                0x0800a5fc       0x54 c:/Users/Morgan/Documents/Uni/FYP/ArduCode/PX4Firmware/Build/px4io-v2_default.build/nuttx-export/libs\libnuttx.a(sched-sched_releasetcb.o)
                0x0800a5fc                sched_releasetcb
 .text.sched_unlock
                0x0800a650       0x48 c:/Users/Morgan/Documents/Uni/FYP/ArduCode/PX4Firmware/Build/px4io-v2_default.build/nuttx-export/libs\libnuttx.a(sched-sched_unlock.o)
                0x0800a650                sched_unlock
 .text.task_activate
                0x0800a698       0x18 c:/Users/Morgan/Documents/Uni/FYP/ArduCode/PX4Firmware/Build/px4io-v2_default.build/nuttx-export/libs\libnuttx.a(sched-task_activate.o)
                0x0800a698                task_activate
 .text.up_release_pending
                0x0800a6b0       0x38 c:/Users/Morgan/Documents/Uni/FYP/ArduCode/PX4Firmware/Build/px4io-v2_default.build/nuttx-export/libs\libnuttx.a(arch-up_releasepending.o)
                0x0800a6b0                up_release_pending
 .text          0x0800a6e8       0x18 c:/px4/toolchain/bin/../lib/gcc/arm-none-eabi/4.7.4/armv7-m/libgcc.a(_lshrdi3.o)
                0x0800a6e8                __lshrdi3
                0x0800a6e8                __aeabi_llsr
 .text          0x0800a700      0x21c c:/px4/toolchain/bin/../lib/gcc/arm-none-eabi/4.7.4/armv7-m/libgcc.a(_arm_addsubsf3.o)
                0x0800a700                __aeabi_frsub
                0x0800a708                __subsf3
                0x0800a708                __aeabi_fsub
                0x0800a70c                __aeabi_fadd
                0x0800a70c                __addsf3
                0x0800a86c                __aeabi_ui2f
                0x0800a86c                __floatunsisf
                0x0800a874                __aeabi_i2f
                0x0800a874                __floatsisf
                0x0800a890                __aeabi_ul2f
                0x0800a890                __floatundisf
                0x0800a8a0                __aeabi_l2f
                0x0800a8a0                __floatdisf
 .text          0x0800a91c      0x2a0 c:/px4/toolchain/bin/../lib/gcc/arm-none-eabi/4.7.4/armv7-m/libgcc.a(_arm_muldivsf3.o)
                0x0800a91c                __mulsf3
                0x0800a91c                __aeabi_fmul
                0x0800aa84                __aeabi_fdiv
                0x0800aa84                __divsf3
 .text          0x0800abbc       0xec c:/px4/toolchain/bin/../lib/gcc/arm-none-eabi/4.7.4/armv7-m/libgcc.a(_arm_cmpsf2.o)
                0x0800abbc                __gesf2
                0x0800abbc                __gtsf2
                0x0800abc4                __lesf2
                0x0800abc4                __ltsf2
                0x0800abcc                __nesf2
                0x0800abcc                __eqsf2
                0x0800abcc                __cmpsf2
                0x0800ac2c                __aeabi_cfrcmple
                0x0800ac34                __aeabi_cfcmpeq
                0x0800ac34                __aeabi_cfcmple
                0x0800ac44                __aeabi_fcmpeq
                0x0800ac58                __aeabi_fcmplt
                0x0800ac6c                __aeabi_fcmple
                0x0800ac80                __aeabi_fcmpge
                0x0800ac94                __aeabi_fcmpgt
 .text          0x0800aca8       0x2c c:/px4/toolchain/bin/../lib/gcc/arm-none-eabi/4.7.4/armv7-m/libgcc.a(_arm_unordsf2.o)
                0x0800aca8                __unordsf2
                0x0800aca8                __aeabi_fcmpun
 .text          0x0800acd4       0x4c c:/px4/toolchain/bin/../lib/gcc/arm-none-eabi/4.7.4/armv7-m/libgcc.a(_arm_fixsfsi.o)
                0x0800acd4                __aeabi_f2iz
                0x0800acd4                __fixsfsi
 .text          0x0800ad20       0x40 c:/px4/toolchain/bin/../lib/gcc/arm-none-eabi/4.7.4/armv7-m/libgcc.a(_arm_fixunssfsi.o)
                0x0800ad20                __fixunssfsi
                0x0800ad20                __aeabi_f2uiz
 .text          0x0800ad60       0x2c c:/px4/toolchain/bin/../lib/gcc/arm-none-eabi/4.7.4/armv7-m/libgcc.a(_aeabi_uldivmod.o)
                0x0800ad60                __aeabi_uldivmod
 .text          0x0800ad8c       0x60 c:/px4/toolchain/bin/../lib/gcc/arm-none-eabi/4.7.4/armv7-m/libgcc.a(bpabi.o)
                0x0800ad8c                __gnu_ldivmod_helper
                0x0800adbc                __gnu_uldivmod_helper
 .text          0x0800adec        0x4 c:/px4/toolchain/bin/../lib/gcc/arm-none-eabi/4.7.4/armv7-m/libgcc.a(_dvmd_tls.o)
                0x0800adec                __aeabi_idiv0
                0x0800adec                __aeabi_ldiv0
 .text          0x0800adf0      0x2bc c:/px4/toolchain/bin/../lib/gcc/arm-none-eabi/4.7.4/armv7-m/libgcc.a(_divdi3.o)
                0x0800adf0                __divdi3
 .text          0x0800b0ac      0x28c c:/px4/toolchain/bin/../lib/gcc/arm-none-eabi/4.7.4/armv7-m/libgcc.a(_udivdi3.o)
                0x0800b0ac                __udivdi3
 *(.fixup)
 *(.gnu.warning)
 *(.rodata .rodata.*)
 .rodata.pwm_channels
                0x0800b338       0x40 c:/Users/Morgan/Documents/Uni/FYP/ArduCode/PX4Firmware/Build/px4io-v2_default.build/c/Users/Morgan/Documents/Uni/FYP/ArduCode/PX4Firmware/src/drivers/boards/px4io-v2/module.pre.o
                0x0800b338                pwm_channels
 .rodata.pwm_timers
                0x0800b378       0x40 c:/Users/Morgan/Documents/Uni/FYP/ArduCode/PX4Firmware/Build/px4io-v2_default.build/c/Users/Morgan/Documents/Uni/FYP/ArduCode/PX4Firmware/src/drivers/boards/px4io-v2/module.pre.o
                0x0800b378                pwm_timers
 .rodata.latency_buckets
                0x0800b3b8       0x10 c:/Users/Morgan/Documents/Uni/FYP/ArduCode/PX4Firmware/Build/px4io-v2_default.build/c/Users/Morgan/Documents/Uni/FYP/ArduCode/PX4Firmware/src/drivers/stm32/module.pre.o
                0x0800b3b8                latency_buckets
 .rodata.str1.4
                0x0800b3c8      0x378 c:/Users/Morgan/Documents/Uni/FYP/ArduCode/PX4Firmware/Build/px4io-v2_default.build/c/Users/Morgan/Documents/Uni/FYP/ArduCode/PX4Firmware/src/modules/px4iofirmware/module.pre.o
 .rodata.r_page_config
                0x0800b740       0x14 c:/Users/Morgan/Documents/Uni/FYP/ArduCode/PX4Firmware/Build/px4io-v2_default.build/c/Users/Morgan/Documents/Uni/FYP/ArduCode/PX4Firmware/src/modules/px4iofirmware/module.pre.o
 .rodata.sbus_decoder
                0x0800b754       0xc0 c:/Users/Morgan/Documents/Uni/FYP/ArduCode/PX4Firmware/Build/px4io-v2_default.build/c/Users/Morgan/Documents/Uni/FYP/ArduCode/PX4Firmware/src/modules/px4iofirmware/module.pre.o
 *fill*         0x0800b814        0x4 00
 .rodata._ZTV5Mixer
                0x0800b818       0x18 c:/Users/Morgan/Documents/Uni/FYP/ArduCode/PX4Firmware/Build/px4io-v2_default.build/c/Users/Morgan/Documents/Uni/FYP/ArduCode/PX4Firmware/src/modules/px4iofirmware/module.pre.o
                0x0800b818                vtable for Mixer
 .rodata._ZTV9NullMixer
                0x0800b830       0x18 c:/Users/Morgan/Documents/Uni/FYP/ArduCode/PX4Firmware/Build/px4io-v2_default.build/c/Users/Morgan/Documents/Uni/FYP/ArduCode/PX4Firmware/src/modules/px4iofirmware/module.pre.o
                0x0800b830                vtable for NullMixer
 .rodata._ZTV10MixerGroup
                0x0800b848       0x18 c:/Users/Morgan/Documents/Uni/FYP/ArduCode/PX4Firmware/Build/px4io-v2_default.build/c/Users/Morgan/Documents/Uni/FYP/ArduCode/PX4Firmware/src/modules/px4iofirmware/module.pre.o
                0x0800b848                vtable for MixerGroup
 .rodata._ZN12_GLOBAL__N_1L15_config_hex_coxE
                0x0800b860       0x60 c:/Users/Morgan/Documents/Uni/FYP/ArduCode/PX4Firmware/Build/px4io-v2_default.build/c/Users/Morgan/Documents/Uni/FYP/ArduCode/PX4Firmware/src/modules/px4iofirmware/module.pre.o
 .rodata._ZN12_GLOBAL__N_1L19_config_twin_engineE
                0x0800b8c0       0x20 c:/Users/Morgan/Documents/Uni/FYP/ArduCode/PX4Firmware/Build/px4io-v2_default.build/c/Users/Morgan/Documents/Uni/FYP/ArduCode/PX4Firmware/src/modules/px4iofirmware/module.pre.o
 .rodata._ZN12_GLOBAL__N_1L13_config_hex_xE
                0x0800b8e0       0x60 c:/Users/Morgan/Documents/Uni/FYP/ArduCode/PX4Firmware/Build/px4io-v2_default.build/c/Users/Morgan/Documents/Uni/FYP/ArduCode/PX4Firmware/src/modules/px4iofirmware/module.pre.o
 .rodata._ZN12_GLOBAL__N_1L13_config_tri_yE
                0x0800b940       0x30 c:/Users/Morgan/Documents/Uni/FYP/ArduCode/PX4Firmware/Build/px4io-v2_default.build/c/Users/Morgan/Documents/Uni/FYP/ArduCode/PX4Firmware/src/modules/px4iofirmware/module.pre.o
 .rodata._ZN12_GLOBAL__N_1L14_config_octa_xE
                0x0800b970       0x80 c:/Users/Morgan/Documents/Uni/FYP/ArduCode/PX4Firmware/Build/px4io-v2_default.build/c/Users/Morgan/Documents/Uni/FYP/ArduCode/PX4Firmware/src/modules/px4iofirmware/module.pre.o
 .rodata._ZN12_GLOBAL__N_1L19_config_rotor_countE
                0x0800b9f0       0x34 c:/Users/Morgan/Documents/Uni/FYP/ArduCode/PX4Firmware/Build/px4io-v2_default.build/c/Users/Morgan/Documents/Uni/FYP/ArduCode/PX4Firmware/src/modules/px4iofirmware/module.pre.o
 .rodata._ZN12_GLOBAL__N_1L20_config_quad_deadcatE
                0x0800ba24       0x40 c:/Users/Morgan/Documents/Uni/FYP/ArduCode/PX4Firmware/Build/px4io-v2_default.build/c/Users/Morgan/Documents/Uni/FYP/ArduCode/PX4Firmware/src/modules/px4iofirmware/module.pre.o
 .rodata._ZN12_GLOBAL__N_1L16_config_hex_plusE
                0x0800ba64       0x60 c:/Users/Morgan/Documents/Uni/FYP/ArduCode/PX4Firmware/Build/px4io-v2_default.build/c/Users/Morgan/Documents/Uni/FYP/ArduCode/PX4Firmware/src/modules/px4iofirmware/module.pre.o
 .rodata._ZN12_GLOBAL__N_1L17_config_octa_plusE
                0x0800bac4       0x80 c:/Users/Morgan/Documents/Uni/FYP/ArduCode/PX4Firmware/Build/px4io-v2_default.build/c/Users/Morgan/Documents/Uni/FYP/ArduCode/PX4Firmware/src/modules/px4iofirmware/module.pre.o
 .rodata._ZN12_GLOBAL__N_1L17_config_quad_plusE
                0x0800bb44       0x40 c:/Users/Morgan/Documents/Uni/FYP/ArduCode/PX4Firmware/Build/px4io-v2_default.build/c/Users/Morgan/Documents/Uni/FYP/ArduCode/PX4Firmware/src/modules/px4iofirmware/module.pre.o
 .rodata._ZN12_GLOBAL__N_113_config_indexE
                0x0800bb84       0x34 c:/Users/Morgan/Documents/Uni/FYP/ArduCode/PX4Firmware/Build/px4io-v2_default.build/c/Users/Morgan/Documents/Uni/FYP/ArduCode/PX4Firmware/src/modules/px4iofirmware/module.pre.o
 .rodata._ZN12_GLOBAL__N_1L17_config_quad_wideE
                0x0800bbb8       0x40 c:/Users/Morgan/Documents/Uni/FYP/ArduCode/PX4Firmware/Build/px4io-v2_default.build/c/Users/Morgan/Documents/Uni/FYP/ArduCode/PX4Firmware/src/modules/px4iofirmware/module.pre.o
 .rodata._ZN12_GLOBAL__N_1L16_config_octa_coxE
                0x0800bbf8       0x80 c:/Users/Morgan/Documents/Uni/FYP/ArduCode/PX4Firmware/Build/px4io-v2_default.build/c/Users/Morgan/Documents/Uni/FYP/ArduCode/PX4Firmware/src/modules/px4iofirmware/module.pre.o
 .rodata._ZN12_GLOBAL__N_1L14_config_quad_vE
                0x0800bc78       0x40 c:/Users/Morgan/Documents/Uni/FYP/ArduCode/PX4Firmware/Build/px4io-v2_default.build/c/Users/Morgan/Documents/Uni/FYP/ArduCode/PX4Firmware/src/modules/px4iofirmware/module.pre.o
 .rodata._ZN12_GLOBAL__N_1L14_config_quad_xE
                0x0800bcb8       0x40 c:/Users/Morgan/Documents/Uni/FYP/ArduCode/PX4Firmware/Build/px4io-v2_default.build/c/Users/Morgan/Documents/Uni/FYP/ArduCode/PX4Firmware/src/modules/px4iofirmware/module.pre.o
 .rodata._ZTV15MultirotorMixer
                0x0800bcf8       0x18 c:/Users/Morgan/Documents/Uni/FYP/ArduCode/PX4Firmware/Build/px4io-v2_default.build/c/Users/Morgan/Documents/Uni/FYP/ArduCode/PX4Firmware/src/modules/px4iofirmware/module.pre.o
                0x0800bcf8                vtable for MultirotorMixer
 .rodata._ZTV11SimpleMixer
                0x0800bd10       0x18 c:/Users/Morgan/Documents/Uni/FYP/ArduCode/PX4Firmware/Build/px4io-v2_default.build/c/Users/Morgan/Documents/Uni/FYP/ArduCode/PX4Firmware/src/modules/px4iofirmware/module.pre.o
                0x0800bd10                vtable for SimpleMixer
 .rodata.crc8_tab
                0x0800bd28      0x100 c:/Users/Morgan/Documents/Uni/FYP/ArduCode/PX4Firmware/Build/px4io-v2_default.build/c/Users/Morgan/Documents/Uni/FYP/ArduCode/PX4Firmware/src/modules/px4iofirmware/module.pre.o
 .rodata.str1.1
                0x0800be28       0x14 c:/Users/Morgan/Documents/Uni/FYP/ArduCode/PX4Firmware/Build/px4io-v2_default.build/nuttx-export/libs\libnuttx.a(sched-irq_unexpectedisr.o)
 .rodata.crc32_tab
                0x0800be3c      0x400 c:/Users/Morgan/Documents/Uni/FYP/ArduCode/PX4Firmware/Build/px4io-v2_default.build/nuttx-export/libs\libnuttx.a(c-lib_crc32.o)
 .rodata.str1.1
                0x0800c23c       0x14 c:/Users/Morgan/Documents/Uni/FYP/ArduCode/PX4Firmware/Build/px4io-v2_default.build/nuttx-export/libs\libnuttx.a(c-lib_sscanf.o)
 .rodata.spaces
                0x0800c250        0x7 c:/Users/Morgan/Documents/Uni/FYP/ArduCode/PX4Firmware/Build/px4io-v2_default.build/nuttx-export/libs\libnuttx.a(c-lib_sscanf.o)
 .rodata.str1.1
                0x0800c257        0x9 c:/Users/Morgan/Documents/Uni/FYP/ArduCode/PX4Firmware/Build/px4io-v2_default.build/nuttx-export/libs\libnuttx.a(mm-mm_sem.o)
 .rodata.str1.1
                0x0800c260       0x17 c:/Users/Morgan/Documents/Uni/FYP/ArduCode/PX4Firmware/Build/px4io-v2_default.build/nuttx-export/libs\libnuttx.a(arch-stm32_dma.o)
 *fill*         0x0800c277        0x1 00
 .rodata.g_gpiobase
                0x0800c278       0x10 c:/Users/Morgan/Documents/Uni/FYP/ArduCode/PX4Firmware/Build/px4io-v2_default.build/nuttx-export/libs\libnuttx.a(arch-stm32_gpio.o)
                0x0800c278                g_gpiobase
 .rodata.str1.1
                0x0800c288       0x23 c:/Users/Morgan/Documents/Uni/FYP/ArduCode/PX4Firmware/Build/px4io-v2_default.build/nuttx-export/libs\libnuttx.a(arch-stm32_serial.o)
 *fill*         0x0800c2ab        0x1 00
 .rodata.uart_devs
                0x0800c2ac        0xc c:/Users/Morgan/Documents/Uni/FYP/ArduCode/PX4Firmware/Build/px4io-v2_default.build/nuttx-export/libs\libnuttx.a(arch-stm32_serial.o)
 .rodata.g_uart_dma_ops
                0x0800c2b8       0x34 c:/Users/Morgan/Documents/Uni/FYP/ArduCode/PX4Firmware/Build/px4io-v2_default.build/nuttx-export/libs\libnuttx.a(arch-stm32_serial.o)
 .rodata.g_uart_ops
                0x0800c2ec       0x34 c:/Users/Morgan/Documents/Uni/FYP/ArduCode/PX4Firmware/Build/px4io-v2_default.build/nuttx-export/libs\libnuttx.a(arch-stm32_serial.o)
 .rodata.str1.1
                0x0800c320      0x160 c:/Users/Morgan/Documents/Uni/FYP/ArduCode/PX4Firmware/Build/px4io-v2_default.build/nuttx-export/libs\libnuttx.a(arch-up_assert.o)
 .rodata.str1.1
                0x0800c480       0x17 c:/Users/Morgan/Documents/Uni/FYP/ArduCode/PX4Firmware/Build/px4io-v2_default.build/nuttx-export/libs\libnuttx.a(arch-up_hardfault.o)
 .rodata.str1.1
                0x0800c497       0x19 c:/Users/Morgan/Documents/Uni/FYP/ArduCode/PX4Firmware/Build/px4io-v2_default.build/nuttx-export/libs\libnuttx.a(cxx-libxx_cxapurevirtual.o)
 .rodata.str1.1
                0x0800c4b0       0x10 c:/Users/Morgan/Documents/Uni/FYP/ArduCode/PX4Firmware/Build/px4io-v2_default.build/nuttx-export/libs\libnuttx.a(drivers-serial.o)
 .rodata.g_serialops