
Memory Configuration

Name             Origin             Length             Attributes
*default*        0x00000000         0xffffffff

Linker script and memory map

LOAD irlock.cpp.o

.interp
 *(.interp)

.note.gnu.build-id
 *(.note.gnu.build-id)

.hash
 *(.hash)

.gnu.hash
 *(.gnu.hash)

.dynsym
 *(.dynsym)

.dynstr
 *(.dynstr)

.gnu.version
 *(.gnu.version)

.gnu.version_d
 *(.gnu.version_d)

.gnu.version_r
 *(.gnu.version_r)

.rel.init
 *(.rel.init)

.rela.init
 *(.rela.init)

.rel.text
 *(.rel.text)

.rela.text
 *(.rela.text)

.rel.fini
 *(.rel.fini)

.rela.fini
 *(.rela.fini)

.rel.rodata
 *(.rel.rodata)

.rela.rodata
 *(.rela.rodata)

.rel.data.rel.ro
 *(.rel.data.rel.ro)

.rela.data.rel.ro
 *(.rela.data.rel.ro)

.rel.data
 *(.rel.data)

.rela.data
 *(.rela.data)

.rel.tdata
 *(.rel.tdata)

.rela.tdata
 *(.rela.tdata)

.rel.tbss
 *(.rel.tbss)

.rela.tbss
 *(.rela.tbss)

.rel.ctors
 *(.rel.ctors)

.rela.ctors
 *(.rela.ctors)

.rel.dtors
 *(.rel.dtors)

.rela.dtors
 *(.rela.dtors)

.rel.got
 *(.rel.got)

.rela.got
 *(.rela.got)

.rel.bss
 *(.rel.bss)

.rela.bss
 *(.rela.bss)

.rel.iplt
 *(.rel.iplt)

.rela.iplt
 *(.rela.iplt)

.rel.plt
 *(.rel.plt)

.rela.plt
 *(.rela.plt)

.init
 *(.init)

.plt
 *(.plt)

.iplt
 *(.iplt)

.text           0x00000000        0x0
 *(.text .stub)
 .text          0x00000000        0x0 irlock.cpp.o
 *(.gnu.warning)

.text._ZN6IRLOCK5probeEv
                0x00000000       0x20
 .text._ZN6IRLOCK5probeEv
                0x00000000       0x20 irlock.cpp.o
                0x00000000                IRLOCK::probe()

.text._ZN10RingBufferD2Ev
                0x00000000       0x18
 .text._ZN10RingBufferD2Ev
                0x00000000       0x18 irlock.cpp.o
                0x00000000                RingBuffer::~RingBuffer()
                0x00000000                RingBuffer::~RingBuffer()

.text._ZN10RingBufferD0Ev
                0x00000000       0x12
 .text._ZN10RingBufferD0Ev
                0x00000000       0x12 irlock.cpp.o
                0x00000000                RingBuffer::~RingBuffer()

.text._ZN10RingBufferC2Ejj
                0x00000000       0x24
 .text._ZN10RingBufferC2Ejj
                0x00000000       0x24 irlock.cpp.o
                0x00000000                RingBuffer::RingBuffer(unsigned int, unsigned int)
                0x00000000                RingBuffer::RingBuffer(unsigned int, unsigned int)

.text._ZN10RingBuffer5_nextEj
                0x00000000        0xa
 .text._ZN10RingBuffer5_nextEj
                0x00000000        0xa irlock.cpp.o
                0x00000000                RingBuffer::_next(unsigned int)

.text._ZN10RingBuffer5emptyEv
                0x00000000        0xe
 .text._ZN10RingBuffer5emptyEv
                0x00000000        0xe irlock.cpp.o
                0x00000000                RingBuffer::empty()

.text._ZN10RingBuffer4fullEv
                0x00000000       0x16
 .text._ZN10RingBuffer4fullEv
                0x00000000       0x16 irlock.cpp.o
                0x00000000                RingBuffer::full()

.text._ZN10RingBuffer4sizeEv
                0x00000000        0xc
 .text._ZN10RingBuffer4sizeEv
                0x00000000        0xc irlock.cpp.o
                0x00000000                RingBuffer::size()

.text._ZN10RingBuffer3putEPKvj
                0x00000000       0x36
 .text._ZN10RingBuffer3putEPKvj
                0x00000000       0x36 irlock.cpp.o
                0x00000000                RingBuffer::put(void const*, unsigned int)

.text._ZN10RingBuffer3putEa
                0x00000000       0x12
 .text._ZN10RingBuffer3putEa
                0x00000000       0x12 irlock.cpp.o
                0x00000000                RingBuffer::put(signed char)

.text._ZN10RingBuffer3putEh
                0x00000000       0x12
 .text._ZN10RingBuffer3putEh
                0x00000000       0x12 irlock.cpp.o
                0x00000000                RingBuffer::put(unsigned char)

.text._ZN10RingBuffer3putEs
                0x00000000       0x12
 .text._ZN10RingBuffer3putEs
                0x00000000       0x12 irlock.cpp.o
                0x00000000                RingBuffer::put(short)

.text._ZN10RingBuffer3putEt
                0x00000000       0x12
 .text._ZN10RingBuffer3putEt
                0x00000000       0x12 irlock.cpp.o
                0x00000000                RingBuffer::put(unsigned short)

.text._ZN10RingBuffer3putEi
                0x00000000       0x12
 .text._ZN10RingBuffer3putEi
                0x00000000       0x12 irlock.cpp.o
                0x00000000                RingBuffer::put(int)

.text._ZN10RingBuffer3putEj
                0x00000000       0x12
 .text._ZN10RingBuffer3putEj
                0x00000000       0x12 irlock.cpp.o
                0x00000000                RingBuffer::put(unsigned int)

.text._ZN10RingBuffer3putEx
                0x00000000       0x12
 .text._ZN10RingBuffer3putEx
                0x00000000       0x12 irlock.cpp.o
                0x00000000                RingBuffer::put(long long)

.text._ZN10RingBuffer3putEy
                0x00000000       0x12
 .text._ZN10RingBuffer3putEy
                0x00000000       0x12 irlock.cpp.o
                0x00000000                RingBuffer::put(unsigned long long)

.text._ZN10RingBuffer3putEf
                0x00000000       0x10
 .text._ZN10RingBuffer3putEf
                0x00000000       0x10 irlock.cpp.o
                0x00000000                RingBuffer::put(float)

.text._ZN10RingBuffer3putEd
                0x00000000       0x12
 .text._ZN10RingBuffer3putEd
                0x00000000       0x12 irlock.cpp.o
                0x00000000                RingBuffer::put(double)

.text._ZN10RingBuffer3getEPvj
                0x00000000       0x66
 .text._ZN10RingBuffer3getEPvj
                0x00000000       0x66 irlock.cpp.o
                0x00000000                RingBuffer::get(void*, unsigned int)

.text._ZN6IRLOCK4readEP4filePcj
                0x00000000       0x40
 .text._ZN6IRLOCK4readEP4filePcj
                0x00000000       0x40 irlock.cpp.o
                0x00000000                IRLOCK::read(file*, char*, unsigned int)

.text._ZN10RingBuffer5forceEPKvj
                0x00000000       0x28
 .text._ZN10RingBuffer5forceEPKvj
                0x00000000       0x28 irlock.cpp.o
                0x00000000                RingBuffer::force(void const*, unsigned int)

.text._ZN10RingBuffer5forceEd
                0x00000000       0x12
 .text._ZN10RingBuffer5forceEd
                0x00000000       0x12 irlock.cpp.o
                0x00000000                RingBuffer::force(double)

.text._ZN10RingBuffer5forceEf
                0x00000000       0x10
 .text._ZN10RingBuffer5forceEf
                0x00000000       0x10 irlock.cpp.o
                0x00000000                RingBuffer::force(float)

.text._ZN10RingBuffer5forceEy
                0x00000000       0x12
 .text._ZN10RingBuffer5forceEy
                0x00000000       0x12 irlock.cpp.o
                0x00000000                RingBuffer::force(unsigned long long)

.text._ZN10RingBuffer5forceEx
                0x00000000       0x12
 .text._ZN10RingBuffer5forceEx
                0x00000000       0x12 irlock.cpp.o
                0x00000000                RingBuffer::force(long long)

.text._ZN10RingBuffer5forceEj
                0x00000000       0x12
 .text._ZN10RingBuffer5forceEj
                0x00000000       0x12 irlock.cpp.o
                0x00000000                RingBuffer::force(unsigned int)

.text._ZN10RingBuffer5forceEi
                0x00000000       0x12
 .text._ZN10RingBuffer5forceEi
                0x00000000       0x12 irlock.cpp.o
                0x00000000                RingBuffer::force(int)

.text._ZN10RingBuffer5forceEt
                0x00000000       0x12
 .text._ZN10RingBuffer5forceEt
                0x00000000       0x12 irlock.cpp.o
                0x00000000                RingBuffer::force(unsigned short)

.text._ZN10RingBuffer5forceEs
                0x00000000       0x12
 .text._ZN10RingBuffer5forceEs
                0x00000000       0x12 irlock.cpp.o
                0x00000000                RingBuffer::force(short)

.text._ZN10RingBuffer5forceEh
                0x00000000       0x12
 .text._ZN10RingBuffer5forceEh
                0x00000000       0x12 irlock.cpp.o
                0x00000000                RingBuffer::force(unsigned char)

.text._ZN10RingBuffer5forceEa
                0x00000000       0x12
 .text._ZN10RingBuffer5forceEa
                0x00000000       0x12 irlock.cpp.o
                0x00000000                RingBuffer::force(signed char)

.text._ZN10RingBuffer5flushEv
                0x00000000       0x1a
 .text._ZN10RingBuffer5flushEv
                0x00000000       0x1a irlock.cpp.o
                0x00000000                RingBuffer::flush()

.text._ZN10RingBuffer3getERa
                0x00000000        0x6
 .text._ZN10RingBuffer3getERa
                0x00000000        0x6 irlock.cpp.o
                0x00000000                RingBuffer::get(signed char&)

.text._ZN10RingBuffer3getERh
                0x00000000        0x6
 .text._ZN10RingBuffer3getERh
                0x00000000        0x6 irlock.cpp.o
                0x00000000                RingBuffer::get(unsigned char&)

.text._ZN10RingBuffer3getERs
                0x00000000        0x6
 .text._ZN10RingBuffer3getERs
                0x00000000        0x6 irlock.cpp.o
                0x00000000                RingBuffer::get(short&)

.text._ZN10RingBuffer3getERt
                0x00000000        0x6
 .text._ZN10RingBuffer3getERt
                0x00000000        0x6 irlock.cpp.o
                0x00000000                RingBuffer::get(unsigned short&)

.text._ZN10RingBuffer3getERi
                0x00000000        0x6
 .text._ZN10RingBuffer3getERi
                0x00000000        0x6 irlock.cpp.o
                0x00000000                RingBuffer::get(int&)

.text._ZN10RingBuffer3getERj
                0x00000000        0x6
 .text._ZN10RingBuffer3getERj
                0x00000000        0x6 irlock.cpp.o
                0x00000000                RingBuffer::get(unsigned int&)

.text._ZN10RingBuffer3getERx
                0x00000000        0x6
 .text._ZN10RingBuffer3getERx
                0x00000000        0x6 irlock.cpp.o
                0x00000000                RingBuffer::get(long long&)

.text._ZN10RingBuffer3getERy
                0x00000000        0x6
 .text._ZN10RingBuffer3getERy
                0x00000000        0x6 irlock.cpp.o
                0x00000000                RingBuffer::get(unsigned long long&)

.text._ZN10RingBuffer3getERf
                0x00000000        0x6
 .text._ZN10RingBuffer3getERf
                0x00000000        0x6 irlock.cpp.o
                0x00000000                RingBuffer::get(float&)

.text._ZN10RingBuffer3getERd
                0x00000000        0x6
 .text._ZN10RingBuffer3getERd
                0x00000000        0x6 irlock.cpp.o
                0x00000000                RingBuffer::get(double&)

.text._ZN10RingBuffer5spaceEv
                0x00000000       0x18
 .text._ZN10RingBuffer5spaceEv
                0x00000000       0x18 irlock.cpp.o
                0x00000000                RingBuffer::space()

.text._ZN10RingBuffer5countEv
                0x00000000        0xc
 .text._ZN10RingBuffer5countEv
                0x00000000        0xc irlock.cpp.o
                0x00000000                RingBuffer::count()

.text._ZN10RingBuffer6resizeEj
                0x00000000       0x28
 .text._ZN10RingBuffer6resizeEj
                0x00000000       0x28 irlock.cpp.o
                0x00000000                RingBuffer::resize(unsigned int)

.text._ZN10RingBuffer10print_infoEPKc
                0x00000000       0x24
 .text._ZN10RingBuffer10print_infoEPKc
                0x00000000       0x24 irlock.cpp.o
                0x00000000                RingBuffer::print_info(char const*)

.text._ZN6IRLOCKC2Eii
                0x00000000       0x50
 .text._ZN6IRLOCKC2Eii
                0x00000000       0x50 irlock.cpp.o
                0x00000000                IRLOCK::IRLOCK(int, int)
                0x00000000                IRLOCK::IRLOCK(int, int)

.text._ZN6IRLOCK16read_device_wordEPt
                0x00000000       0x28
 .text._ZN6IRLOCK16read_device_wordEPt
                0x00000000       0x28 irlock.cpp.o
                0x00000000                IRLOCK::read_device_word(unsigned short*)

.text._ZN6IRLOCK11sync_deviceEv
                0x00000000       0x46
 .text._ZN6IRLOCK11sync_deviceEv
                0x00000000       0x46 irlock.cpp.o
                0x00000000                IRLOCK::sync_device()

.text._ZN6IRLOCK17read_device_blockEP8irlock_s
                0x00000000       0x9a
 .text._ZN6IRLOCK17read_device_blockEP8irlock_s
                0x00000000       0x9a irlock.cpp.o
                0x00000000                IRLOCK::read_device_block(irlock_s*)

.text._ZN6IRLOCK11read_deviceEv
                0x00000000       0x3c
 .text._ZN6IRLOCK11read_deviceEv
                0x00000000       0x3c irlock.cpp.o
                0x00000000                IRLOCK::read_device()

.text._ZN6IRLOCK5startEv
                0x00000000       0x24
 .text._ZN6IRLOCK5startEv
                0x00000000       0x24 irlock.cpp.o
                0x00000000                IRLOCK::start()

.text._ZN6IRLOCK5ioctlEP4fileim
                0x00000000       0x68
 .text._ZN6IRLOCK5ioctlEP4fileim
                0x00000000       0x68 irlock.cpp.o
                0x00000000                IRLOCK::ioctl(file*, int, unsigned long)

.text._ZN6IRLOCK4stopEv
                0x00000000       0x1c
 .text._ZN6IRLOCK4stopEv
                0x00000000       0x1c irlock.cpp.o
                0x00000000                IRLOCK::stop()

.text._ZN6IRLOCKD2Ev
                0x00000000       0x24
 .text._ZN6IRLOCKD2Ev
                0x00000000       0x24 irlock.cpp.o
                0x00000000                IRLOCK::~IRLOCK()
                0x00000000                IRLOCK::~IRLOCK()

.text._ZN6IRLOCKD0Ev
                0x00000000       0x12
 .text._ZN6IRLOCKD0Ev
                0x00000000       0x12 irlock.cpp.o
                0x00000000                IRLOCK::~IRLOCK()

.text._ZN6IRLOCK5cycleEv
                0x00000000       0x20
 .text._ZN6IRLOCK5cycleEv
                0x00000000       0x20 irlock.cpp.o
                0x00000000                IRLOCK::cycle()

.text._ZN6IRLOCK16cycle_trampolineEPv
                0x00000000        0x4
 .text._ZN6IRLOCK16cycle_trampolineEPv
                0x00000000        0x4 irlock.cpp.o
                0x00000000                IRLOCK::cycle_trampoline(void*)

.text._ZN6IRLOCK17print_diagnosticsEv
                0x00000000       0x30
 .text._ZN6IRLOCK17print_diagnosticsEv
                0x00000000       0x30 irlock.cpp.o
                0x00000000                IRLOCK::print_diagnostics()

.text._ZN6irlock5startEv
                0x00000000       0x9c
 .text._ZN6irlock5startEv
                0x00000000       0x9c irlock.cpp.o
                0x00000000                irlock::start()

.text._ZN6irlock4stopEv
                0x00000000       0x28
 .text._ZN6irlock4stopEv
                0x00000000       0x28 irlock.cpp.o
                0x00000000                irlock::stop()

.text._ZN6irlock5resetEv
                0x00000000       0x60
 .text._ZN6irlock5resetEv
                0x00000000       0x60 irlock.cpp.o
                0x00000000                irlock::reset()

.text._ZN6irlock4testEv
                0x00000000       0x10
 .text._ZN6irlock4testEv
                0x00000000       0x10 irlock.cpp.o
                0x00000000                irlock::test()

.text._ZN6irlock4infoEv
                0x00000000       0x30
 .text._ZN6irlock4infoEv
                0x00000000       0x30 irlock.cpp.o
                0x00000000                irlock::info()

.text._ZN6irlock5usageEv
                0x00000000        0xc
 .text._ZN6irlock5usageEv
                0x00000000        0xc irlock.cpp.o
                0x00000000                irlock::usage()

.text.irlock_main
                0x00000000       0x74
 .text.irlock_main
                0x00000000       0x74 irlock.cpp.o
                0x00000000                irlock_main

.text._ZN6IRLOCK4initEv
                0x00000000       0x32
 .text._ZN6IRLOCK4initEv
                0x00000000       0x32 irlock.cpp.o
                0x00000000                IRLOCK::init()

.fini
 *(.fini)

.rodata
 *(.rodata)

.rodata.str1.1  0x00000000      0x2ef
 .rodata.str1.1
                0x00000000      0x2ef irlock.cpp.o

.rodata._ZTV10RingBuffer
                0x00000000       0x10
 .rodata._ZTV10RingBuffer
                0x00000000       0x10 irlock.cpp.o
                0x00000000                vtable for RingBuffer

.rodata._ZTV6IRLOCK
                0x00000000       0x60
 .rodata._ZTV6IRLOCK
                0x00000000       0x60 irlock.cpp.o
                0x00000000                vtable for IRLOCK

.rodata1
 *(.rodata1)

.ARM.extab
 *(.ARM.extab)

.ARM.exidx
 *(.ARM.exidx)

.eh_frame_hdr
 *(.eh_frame_hdr)

.eh_frame
 *(.eh_frame)

.gcc_except_table
 *(.gcc_except_table .gcc_except_table.*)

.exception_ranges
 *(.exception_ranges .exception_ranges*)

.eh_frame
 *(.eh_frame)

.gcc_except_table
 *(.gcc_except_table .gcc_except_table.*)

.exception_ranges
 *(.exception_ranges .exception_ranges*)

.tdata
 *(.tdata)

.tbss
 *(.tbss)

.preinit_array
 *(.preinit_array)

.jcr
 *(.jcr)

.dynamic
 *(.dynamic)

.got
 *(.got.plt)
 *(.igot.plt)
 *(.got)
 *(.igot)

.data           0x00000000        0x0
 *(.data)
 .data          0x00000000        0x0 irlock.cpp.o

.data1
 *(.data1)

.bss            0x00000000        0x0
 *(.dynbss)
 *(.bss)
 .bss           0x00000000        0x0 irlock.cpp.o
 *(COMMON)

.bss._ZN6irlock5g_devE
                0x00000000        0x4
 .bss._ZN6irlock5g_devE
                0x00000000        0x4 irlock.cpp.o
                0x00000000                irlock::g_dev

.stab
 *(.stab)

.stabstr
 *(.stabstr)

.stab.excl
 *(.stab.excl)

.stab.exclstr
 *(.stab.exclstr)

.stab.index
 *(.stab.index)

.stab.indexstr
 *(.stab.indexstr)

.comment        0x00000000       0x71
 *(.comment)
 .comment       0x00000000       0x71 irlock.cpp.o

.group          0x00000000        0x8
 .group         0x00000000        0x8 irlock.cpp.o

.group          0x00000000        0x8
 .group         0x00000000        0x8 irlock.cpp.o

.group          0x00000000        0x8
 .group         0x00000000        0x8 irlock.cpp.o

.group          0x00000000        0x8
 .group         0x00000000        0x8 irlock.cpp.o

.group          0x00000000        0x8
 .group         0x00000000        0x8 irlock.cpp.o

.group          0x00000000        0x8
 .group         0x00000000        0x8 irlock.cpp.o

.group          0x00000000        0x8
 .group         0x00000000        0x8 irlock.cpp.o

.group          0x00000000        0x8
 .group         0x00000000        0x8 irlock.cpp.o

.group          0x00000000        0x8
 .group         0x00000000        0x8 irlock.cpp.o

.group          0x00000000        0x8
 .group         0x00000000        0x8 irlock.cpp.o

.group          0x00000000        0x8
 .group         0x00000000        0x8 irlock.cpp.o

.group          0x00000000        0x8
 .group         0x00000000        0x8 irlock.cpp.o

.group          0x00000000        0x8
 .group         0x00000000        0x8 irlock.cpp.o

.group          0x00000000        0x8
 .group         0x00000000        0x8 irlock.cpp.o

.group          0x00000000        0x8
 .group         0x00000000        0x8 irlock.cpp.o

.group          0x00000000        0x8
 .group         0x00000000        0x8 irlock.cpp.o

.group          0x00000000        0x8
 .group         0x00000000        0x8 irlock.cpp.o

.group          0x00000000        0x8
 .group         0x00000000        0x8 irlock.cpp.o

.group          0x00000000        0x8
 .group         0x00000000        0x8 irlock.cpp.o

.group          0x00000000        0x8
 .group         0x00000000        0x8 irlock.cpp.o

.group          0x00000000        0x8
 .group         0x00000000        0x8 irlock.cpp.o

.group          0x00000000        0x8
 .group         0x00000000        0x8 irlock.cpp.o

.group          0x00000000        0x8
 .group         0x00000000        0x8 irlock.cpp.o

.group          0x00000000        0x8
 .group         0x00000000        0x8 irlock.cpp.o

.group          0x00000000        0x8
 .group         0x00000000        0x8 irlock.cpp.o

.group          0x00000000        0x8
 .group         0x00000000        0x8 irlock.cpp.o

.group          0x00000000        0x8
 .group         0x00000000        0x8 irlock.cpp.o

.group          0x00000000        0x8
 .group         0x00000000        0x8 irlock.cpp.o

.group          0x00000000        0x8
 .group         0x00000000        0x8 irlock.cpp.o

.group          0x00000000        0x8
 .group         0x00000000        0x8 irlock.cpp.o

.group          0x00000000        0x8
 .group         0x00000000        0x8 irlock.cpp.o

.group          0x00000000        0x8
 .group         0x00000000        0x8 irlock.cpp.o

.group          0x00000000        0x8
 .group         0x00000000        0x8 irlock.cpp.o

.group          0x00000000        0x8
 .group         0x00000000        0x8 irlock.cpp.o

.group          0x00000000        0x8
 .group         0x00000000        0x8 irlock.cpp.o

.group          0x00000000        0x8
 .group         0x00000000        0x8 irlock.cpp.o

.group          0x00000000        0x8
 .group         0x00000000        0x8 irlock.cpp.o

.group          0x00000000        0x8
 .group         0x00000000        0x8 irlock.cpp.o

.group          0x00000000        0x8
 .group         0x00000000        0x8 irlock.cpp.o

.group          0x00000000        0x8
 .group         0x00000000        0x8 irlock.cpp.o

.group          0x00000000        0x8
 .group         0x00000000        0x8 irlock.cpp.o

.group          0x00000000        0x8
 .group         0x00000000        0x8 irlock.cpp.o

.group          0x00000000        0x8
 .group         0x00000000        0x8 irlock.cpp.o

.group          0x00000000        0x8
 .group         0x00000000        0x8 irlock.cpp.o

.group          0x00000000        0x8
 .group         0x00000000        0x8 irlock.cpp.o

.group          0x00000000        0x8
 .group         0x00000000        0x8 irlock.cpp.o

.group          0x00000000        0x8
 .group         0x00000000        0x8 irlock.cpp.o

.group          0x00000000        0x8
 .group         0x00000000        0x8 irlock.cpp.o

.group          0x00000000        0x8
 .group         0x00000000        0x8 irlock.cpp.o

.group          0x00000000        0x8
 .group         0x00000000        0x8 irlock.cpp.o

.group          0x00000000        0x8
 .group         0x00000000        0x8 irlock.cpp.o

.group          0x00000000        0x8
 .group         0x00000000        0x8 irlock.cpp.o

.group          0x00000000        0x8
 .group         0x00000000        0x8 irlock.cpp.o

.group          0x00000000        0x8
 .group         0x00000000        0x8 irlock.cpp.o

.group          0x00000000        0x8
 .group         0x00000000        0x8 irlock.cpp.o

.group          0x00000000        0x8
 .group         0x00000000        0x8 irlock.cpp.o

.group          0x00000000        0x8
 .group         0x00000000        0x8 irlock.cpp.o

.group          0x00000000        0x8
 .group         0x00000000        0x8 irlock.cpp.o

.group          0x00000000        0x8
 .group         0x00000000        0x8 irlock.cpp.o

.group          0x00000000        0x8
 .group         0x00000000        0x8 irlock.cpp.o

.group          0x00000000        0x8
 .group         0x00000000        0x8 irlock.cpp.o

.group          0x00000000        0x8
 .group         0x00000000        0x8 irlock.cpp.o

.group          0x00000000        0x8
 .group         0x00000000        0x8 irlock.cpp.o

.group          0x00000000        0x8
 .group         0x00000000        0x8 irlock.cpp.o

.group          0x00000000        0x8
 .group         0x00000000        0x8 irlock.cpp.o

.group          0x00000000        0x8
 .group         0x00000000        0x8 irlock.cpp.o

.group          0x00000000        0x8
 .group         0x00000000        0x8 irlock.cpp.o

.group          0x00000000        0x8
 .group         0x00000000        0x8 irlock.cpp.o

.group          0x00000000        0x8
 .group         0x00000000        0x8 irlock.cpp.o

.group          0x00000000        0x8
 .group         0x00000000        0x8 irlock.cpp.o

.group          0x00000000        0x8
 .group         0x00000000        0x8 irlock.cpp.o

.group          0x00000000        0x8
 .group         0x00000000        0x8 irlock.cpp.o

.group          0x00000000        0x8
 .group         0x00000000        0x8 irlock.cpp.o

.group          0x00000000        0x8
 .group         0x00000000        0x8 irlock.cpp.o

.group          0x00000000        0x8
 .group         0x00000000        0x8 irlock.cpp.o

.group          0x00000000        0x8
 .group         0x00000000        0x8 irlock.cpp.o

.group          0x00000000        0x8
 .group         0x00000000        0x8 irlock.cpp.o

.group          0x00000000        0x8
 .group         0x00000000        0x8 irlock.cpp.o

.group          0x00000000        0x8
 .group         0x00000000        0x8 irlock.cpp.o

.group          0x00000000        0x8
 .group         0x00000000        0x8 irlock.cpp.o

.group          0x00000000        0x8
 .group         0x00000000        0x8 irlock.cpp.o

.group          0x00000000        0x8
 .group         0x00000000        0x8 irlock.cpp.o

.group          0x00000000        0x8
 .group         0x00000000        0x8 irlock.cpp.o

.group          0x00000000        0x8
 .group         0x00000000        0x8 irlock.cpp.o

.group          0x00000000        0x8
 .group         0x00000000        0x8 irlock.cpp.o

.group          0x00000000        0x8
 .group         0x00000000        0x8 irlock.cpp.o

.group          0x00000000        0x8
 .group         0x00000000        0x8 irlock.cpp.o

.group          0x00000000        0x8
 .group         0x00000000        0x8 irlock.cpp.o

.group          0x00000000        0x8
 .group         0x00000000        0x8 irlock.cpp.o

.group          0x00000000        0x8
 .group         0x00000000        0x8 irlock.cpp.o

.group          0x00000000        0x8
 .group         0x00000000        0x8 irlock.cpp.o

.group          0x00000000        0x8
 .group         0x00000000        0x8 irlock.cpp.o

.group          0x00000000        0x8
 .group         0x00000000        0x8 irlock.cpp.o

.group          0x00000000        0x8
 .group         0x00000000        0x8 irlock.cpp.o

.group          0x00000000        0x8
 .group         0x00000000        0x8 irlock.cpp.o

.group          0x00000000        0x8
 .group         0x00000000        0x8 irlock.cpp.o

.debug
 *(.debug)

.line
 *(.line)

.debug_srcinfo
 *(.debug_srcinfo)

.debug_sfnames
 *(.debug_sfnames)

.debug_aranges  0x00000000      0x238
 *(.debug_aranges)
 .debug_aranges
                0x00000000      0x238 irlock.cpp.o

.debug_pubnames
 *(.debug_pubnames)

.debug_info     0x00000000     0x3971
 *(.debug_info)
 .debug_info    0x00000000     0x3971 irlock.cpp.o

.debug_abbrev   0x00000000      0x72e
 *(.debug_abbrev)
 .debug_abbrev  0x00000000      0x72e irlock.cpp.o

.debug_line     0x00000000     0x175f
 *(.debug_line)
 .debug_line    0x00000000     0x175f irlock.cpp.o

.debug_frame    0x00000000      0x694
 *(.debug_frame)
 .debug_frame   0x00000000      0x694 irlock.cpp.o

.debug_str      0x00000000    0x473a8
 *(.debug_str)
 .debug_str     0x00000000    0x473a8 irlock.cpp.o

.debug_loc      0x00000000     0x1a0a
 *(.debug_loc)
 .debug_loc     0x00000000     0x1a0a irlock.cpp.o

.debug_macinfo
 *(.debug_macinfo)

.debug_weaknames
 *(.debug_weaknames)

.debug_funcnames
 *(.debug_funcnames)

.debug_typenames
 *(.debug_typenames)

.debug_varnames
 *(.debug_varnames)

.debug_pubtypes
 *(.debug_pubtypes)

.debug_ranges   0x00000000      0x320
 *(.debug_ranges)
 .debug_ranges  0x00000000      0x320 irlock.cpp.o

.stack
 *(.stack)

.ARM.attributes
                0x00000000       0x37
 *(.ARM.attributes)
 .ARM.attributes
                0x00000000       0x37 irlock.cpp.o
 *(.gnu.attributes)

.note.gnu.arm.ident
 *(.note.gnu.arm.ident)
OUTPUT(c:/Users/Morgan/Documents/Uni/FYP/ArduCode/PX4Firmware/Build/px4fmu-v2_APM.build/c/Users/Morgan/Documents/Uni/FYP/ArduCode/PX4Firmware/src/drivers/irlock/module.pre.o elf32-littlearm)

.debug_macro    0x00000000      0x568
 .debug_macro   0x00000000      0x568 irlock.cpp.o

.debug_macro    0x00000000      0x868
 .debug_macro   0x00000000      0x868 irlock.cpp.o

.debug_macro    0x00000000       0x22
 .debug_macro   0x00000000       0x22 irlock.cpp.o

.debug_macro    0x00000000      0x89f
 .debug_macro   0x00000000      0x89f irlock.cpp.o

.debug_macro    0x00000000       0xc9
 .debug_macro   0x00000000       0xc9 irlock.cpp.o

.debug_macro    0x00000000       0x10
 .debug_macro   0x00000000       0x10 irlock.cpp.o

.debug_macro    0x00000000       0x88
 .debug_macro   0x00000000       0x88 irlock.cpp.o

.debug_macro    0x00000000      0x14e
 .debug_macro   0x00000000      0x14e irlock.cpp.o

.debug_macro    0x00000000      0x125
 .debug_macro   0x00000000      0x125 irlock.cpp.o

.debug_macro    0x00000000       0x5d
 .debug_macro   0x00000000       0x5d irlock.cpp.o

.debug_macro    0x00000000      0x147
 .debug_macro   0x00000000      0x147 irlock.cpp.o

.debug_macro    0x00000000       0x58
 .debug_macro   0x00000000       0x58 irlock.cpp.o

.debug_macro    0x00000000       0x4c
 .debug_macro   0x00000000       0x4c irlock.cpp.o

.debug_macro    0x00000000       0x49
 .debug_macro   0x00000000       0x49 irlock.cpp.o

.debug_macro    0x00000000      0x106
 .debug_macro   0x00000000      0x106 irlock.cpp.o

.debug_macro    0x00000000       0x23
 .debug_macro   0x00000000       0x23 irlock.cpp.o

.debug_macro    0x00000000       0x28
 .debug_macro   0x00000000       0x28 irlock.cpp.o

.debug_macro    0x00000000       0xd1
 .debug_macro   0x00000000       0xd1 irlock.cpp.o

.debug_macro    0x00000000       0x98
 .debug_macro   0x00000000       0x98 irlock.cpp.o

.debug_macro    0x00000000       0x16
 .debug_macro   0x00000000       0x16 irlock.cpp.o

.debug_macro    0x00000000       0x59
 .debug_macro   0x00000000       0x59 irlock.cpp.o

.debug_macro    0x00000000      0x11b
 .debug_macro   0x00000000      0x11b irlock.cpp.o

.debug_macro    0x00000000       0x46
 .debug_macro   0x00000000       0x46 irlock.cpp.o

.debug_macro    0x00000000      0x27f
 .debug_macro   0x00000000      0x27f irlock.cpp.o

.debug_macro    0x00000000       0x10
 .debug_macro   0x00000000       0x10 irlock.cpp.o

.debug_macro    0x00000000      0x195
 .debug_macro   0x00000000      0x195 irlock.cpp.o

.debug_macro    0x00000000       0x8a
 .debug_macro   0x00000000       0x8a irlock.cpp.o

.debug_macro    0x00000000       0x10
 .debug_macro   0x00000000       0x10 irlock.cpp.o

.debug_macro    0x00000000       0x10
 .debug_macro   0x00000000       0x10 irlock.cpp.o

.debug_macro    0x00000000       0x39
 .debug_macro   0x00000000       0x39 irlock.cpp.o

.debug_macro    0x00000000       0xb4
 .debug_macro   0x00000000       0xb4 irlock.cpp.o

.debug_macro    0x00000000       0x41
 .debug_macro   0x00000000       0x41 irlock.cpp.o

.debug_macro    0x00000000       0x4d
 .debug_macro   0x00000000       0x4d irlock.cpp.o

.debug_macro    0x00000000       0x5e
 .debug_macro   0x00000000       0x5e irlock.cpp.o

.debug_macro    0x00000000       0x22
 .debug_macro   0x00000000       0x22 irlock.cpp.o

.debug_macro    0x00000000       0x78
 .debug_macro   0x00000000       0x78 irlock.cpp.o

.debug_macro    0x00000000       0x28
 .debug_macro   0x00000000       0x28 irlock.cpp.o

.debug_macro    0x00000000      0x6cb
 .debug_macro   0x00000000      0x6cb irlock.cpp.o

.debug_macro    0x00000000      0x20a
 .debug_macro   0x00000000      0x20a irlock.cpp.o

.debug_macro    0x00000000      0xf6f
 .debug_macro   0x00000000      0xf6f irlock.cpp.o

.debug_macro    0x00000000      0x2ab
 .debug_macro   0x00000000      0x2ab irlock.cpp.o

.debug_macro    0x00000000      0x8b5
 .debug_macro   0x00000000      0x8b5 irlock.cpp.o

.debug_macro    0x00000000       0x78
 .debug_macro   0x00000000       0x78 irlock.cpp.o

.debug_macro    0x00000000      0x14e
 .debug_macro   0x00000000      0x14e irlock.cpp.o

.debug_macro    0x00000000      0x7ca
 .debug_macro   0x00000000      0x7ca irlock.cpp.o

.debug_macro    0x00000000       0xff
 .debug_macro   0x00000000       0xff irlock.cpp.o

.debug_macro    0x00000000      0xae7
 .debug_macro   0x00000000      0xae7 irlock.cpp.o

.debug_macro    0x00000000       0x51
 .debug_macro   0x00000000       0x51 irlock.cpp.o

.debug_macro    0x00000000      0x11a
 .debug_macro   0x00000000      0x11a irlock.cpp.o

.debug_macro    0x00000000       0x16
 .debug_macro   0x00000000       0x16 irlock.cpp.o

.debug_macro    0x00000000       0x1d
 .debug_macro   0x00000000       0x1d irlock.cpp.o

.debug_macro    0x00000000      0x206
 .debug_macro   0x00000000      0x206 irlock.cpp.o

.debug_macro    0x00000000      0x56a
 .debug_macro   0x00000000      0x56a irlock.cpp.o

.debug_macro    0x00000000       0x9c
 .debug_macro   0x00000000       0x9c irlock.cpp.o

.debug_macro    0x00000000      0x2bf
 .debug_macro   0x00000000      0x2bf irlock.cpp.o

.debug_macro    0x00000000       0xd3
 .debug_macro   0x00000000       0xd3 irlock.cpp.o

.debug_macro    0x00000000       0x16
 .debug_macro   0x00000000       0x16 irlock.cpp.o

.debug_macro    0x00000000       0x34
 .debug_macro   0x00000000       0x34 irlock.cpp.o

.debug_macro    0x00000000      0xab0
 .debug_macro   0x00000000      0xab0 irlock.cpp.o

.debug_macro    0x00000000       0x17
 .debug_macro   0x00000000       0x17 irlock.cpp.o

.debug_macro    0x00000000      0x6fa
 .debug_macro   0x00000000      0x6fa irlock.cpp.o

.debug_macro    0x00000000       0x22
 .debug_macro   0x00000000       0x22 irlock.cpp.o

.debug_macro    0x00000000      0x596
 .debug_macro   0x00000000      0x596 irlock.cpp.o

.debug_macro    0x00000000       0x16
 .debug_macro   0x00000000       0x16 irlock.cpp.o

.debug_macro    0x00000000      0x29b
 .debug_macro   0x00000000      0x29b irlock.cpp.o

.debug_macro    0x00000000       0x16
 .debug_macro   0x00000000       0x16 irlock.cpp.o

.debug_macro    0x00000000     0x15a4
 .debug_macro   0x00000000     0x15a4 irlock.cpp.o

.debug_macro    0x00000000       0x53
 .debug_macro   0x00000000       0x53 irlock.cpp.o

.debug_macro    0x00000000      0x347
 .debug_macro   0x00000000      0x347 irlock.cpp.o

.debug_macro    0x00000000       0x96
 .debug_macro   0x00000000       0x96 irlock.cpp.o

.debug_macro    0x00000000       0x1c
 .debug_macro   0x00000000       0x1c irlock.cpp.o

.debug_macro    0x00000000       0x9a
 .debug_macro   0x00000000       0x9a irlock.cpp.o

.debug_macro    0x00000000      0x1cf
 .debug_macro   0x00000000      0x1cf irlock.cpp.o

.debug_macro    0x00000000      0x16c
 .debug_macro   0x00000000      0x16c irlock.cpp.o

.debug_macro    0x00000000      0x413
 .debug_macro   0x00000000      0x413 irlock.cpp.o

.debug_macro    0x00000000       0x5f
 .debug_macro   0x00000000       0x5f irlock.cpp.o

.debug_macro    0x00000000       0x1d
 .debug_macro   0x00000000       0x1d irlock.cpp.o

.debug_macro    0x00000000       0xdf
 .debug_macro   0x00000000       0xdf irlock.cpp.o

.debug_macro    0x00000000       0x16
 .debug_macro   0x00000000       0x16 irlock.cpp.o

.debug_macro    0x00000000      0x13f
 .debug_macro   0x00000000      0x13f irlock.cpp.o

.debug_macro    0x00000000       0x16
 .debug_macro   0x00000000       0x16 irlock.cpp.o

.debug_macro    0x00000000       0x1c
 .debug_macro   0x00000000       0x1c irlock.cpp.o

.debug_macro    0x00000000      0xdb4
 .debug_macro   0x00000000      0xdb4 irlock.cpp.o

.debug_macro    0x00000000       0x16
 .debug_macro   0x00000000       0x16 irlock.cpp.o

.debug_macro    0x00000000      0x21b
 .debug_macro   0x00000000      0x21b irlock.cpp.o

.debug_macro    0x00000000      0x24d
 .debug_macro   0x00000000      0x24d irlock.cpp.o

.debug_macro    0x00000000      0x6c1
 .debug_macro   0x00000000      0x6c1 irlock.cpp.o

.debug_macro    0x00000000       0x59
 .debug_macro   0x00000000       0x59 irlock.cpp.o

.debug_macro    0x00000000       0x1c
 .debug_macro   0x00000000       0x1c irlock.cpp.o

.debug_macro    0x00000000       0x29
 .debug_macro   0x00000000       0x29 irlock.cpp.o

.debug_macro    0x00000000       0x46
 .debug_macro   0x00000000       0x46 irlock.cpp.o

.debug_macro    0x00000000       0x22
 .debug_macro   0x00000000       0x22 irlock.cpp.o

.debug_macro    0x00000000       0x88
 .debug_macro   0x00000000       0x88 irlock.cpp.o

.debug_macro    0x00000000       0x16
 .debug_macro   0x00000000       0x16 irlock.cpp.o

.debug_macro    0x00000000       0x18
 .debug_macro   0x00000000       0x18 irlock.cpp.o

.debug_macro    0x00000000       0xc1
 .debug_macro   0x00000000       0xc1 irlock.cpp.o

.debug_macro    0x00000000       0x4d
 .debug_macro   0x00000000       0x4d irlock.cpp.o
